data/data_demo.csv
,Date,ProductID,Low_Stock_Priority,Low_Stock_Risk,Demand_Priority,Profitability_Priority,cp,price_market,a,pred_s3,OrderQuantity,Inventory,Temperature,Rainfall,CPI,Female,Age,Income
540,2023-12-20,4,10,0.3318518518518518,1.0,4.0,0.2307091537149644,3.5772050913736573,0.0522606861268314,0.018745029655905306,451,675,42.22,0.0,100.93,0.56,44.08,49946.15059999999
541,2023-12-21,4,5,-0.0160771704180064,3.0,3.0,0.1123278136896044,6.922324755444398,0.0819519261462217,0.08643723465686318,948,933,45.34,0.0,100.93,0.56,44.08,49946.15059999999
542,2023-12-22,4,10,0.1002766251728907,4.0,4.0,3.156394607428476,2.8849439848121925,-0.0681686506169183,-0.10849996441115209,1301,1446,51.87,62.52,100.93,0.56,44.08,49946.15059999999
543,2023-12-23,4,7,0.0200974421437271,1.0,4.0,-4.118369332688193,6.40536543872442,0.2654601748158166,0.24181854073044673,1609,1642,50.23,0.0,100.93,0.56,44.08,49946.15059999999
544,2023-12-24,4,3,-0.0523399014778325,4.0,1.0,3.362757202576572,6.6180542690002255,-0.0382108996667592,-0.046167354339974195,1709,1624,36.22,0.0,100.93,0.56,44.08,49946.15059999999
545,2023-12-25,4,3,-0.042141230068337,1.0,4.0,-0.2638075160103346,4.175590878672166,0.0583487728661087,0.049328988389924285,1830,1756,46.08,5.22,100.93,0.56,44.08,49946.15059999999
546,2023-12-26,4,5,-0.0095846645367412,3.0,2.0,1.3278571449051733,5.422580372272883,-0.0347847158627657,0.010716443898777489,1896,1878,40.8,0.0,100.93,0.56,44.08,49946.15059999999
547,2023-12-27,4,7,0.016614279299506,2.0,4.0,1.1926427118423937,5.547480572104665,-0.0394774859268022,0.018348974971707857,2190,2227,41.26,154.3,100.93,0.56,44.08,49946.15059999999
548,2023-12-28,4,6,0.0068337129840546,3.0,1.0,2.884936238440788,4.186205516768694,-0.1269135839800914,-0.0733695999784774,2180,2195,44.05,0.0,100.93,0.56,44.08,49946.15059999999
549,2023-12-29,4,5,-0.0139470013947,4.0,4.0,0.4648105075293046,3.550882389263069,-0.048579273089411,0.009111501636186133,2181,2151,42.94,26.71,100.93,0.56,44.08,49946.15059999999
550,2023-12-30,4,10,0.0815899581589958,1.0,4.0,-0.3560515631289007,3.6822826568592335,0.0034282258890389,0.043628126850796145,2195,2390,49.72,0.0,100.93,0.56,44.08,49946.15059999999
551,2023-12-31,4,8,0.0334928229665071,4.0,2.0,3.595691581302197,5.541008219959807,-0.0046003412054434,-0.07556654302344597,2222,2299,46.47,0.0,100.93,0.56,44.08,49946.15059999999
552,2024-01-01,4,7,0.0163020163020163,1.0,4.0,-3.72834763428236,4.914884397480594,0.2530874598292401,0.19849282544912514,2293,2331,43.5,52.33,100.93,0.56,44.08,49946.15059999999
553,2024-01-02,4,7,0.0185348631950573,1.0,4.0,1.0406683634104863,4.43569896669784,-0.0262074205272082,0.0033182390576232956,2224,2266,45.33,0.0,100.93,0.56,44.08,49946.15059999999
554,2024-01-03,4,5,-0.0157964019306713,1.0,4.0,-1.6958508452582408,5.96676801116646,0.1200363997696599,0.13899545905559313,2315,2279,45.0,77.18,100.93,0.56,44.08,49946.15059999999
555,2024-01-04,4,2,-0.0769919427036704,2.0,4.0,-0.5231467765131179,5.508067909391478,0.089711934938693,0.08457489437099762,2406,2234,51.03,82.35,100.93,0.56,44.08,49946.15059999999
556,2024-01-05,4,7,0.0165586753059755,3.0,3.0,5.022513362926274,4.244537273634367,-0.2010554160700696,-0.15570161079760056,2732,2778,42.75,216.32,100.93,0.56,44.08,49946.15059999999
557,2024-01-06,4,6,0.0043274432023079,3.0,3.0,0.910809147088286,3.7987984809826103,0.0069978328247286,-0.0036218710858946096,2761,2773,45.57,133.65,100.93,0.56,44.08,49946.15059999999
558,2024-01-07,4,4,-0.0274083031035872,4.0,3.0,1.3901393943027625,5.523261738688077,0.0408600920656956,0.010183833220191701,2549,2481,39.95,0.0,100.93,0.56,44.08,49946.15059999999
559,2024-01-08,4,6,0.0021079258010118,2.0,2.0,-2.5631257114111827,4.462416631441938,0.1585138518591335,0.1444818062807855,2367,2372,31.68,0.0,100.93,0.56,44.08,49946.15059999999
560,2024-01-09,4,2,-0.0647756138865367,3.0,4.0,-0.4580893175893914,5.099204862531503,0.0935898812772899,0.07432659167415438,2515,2362,47.93,109.97,100.93,0.56,44.08,49946.15059999999
561,2024-01-10,4,5,-0.0067140600315955,2.0,4.0,1.3931148014575698,6.5762989726277175,0.0577599292042101,0.02992253685352425,2549,2532,49.21,65.53,100.93,0.56,44.08,49946.15059999999
562,2024-01-11,4,9,0.0460551151377878,3.0,2.0,1.7095153862264365,5.50232824007478,-0.0255901387678245,-0.002676439616677573,2527,2649,41.4,64.01,100.93,0.56,44.08,49946.15059999999
563,2024-01-12,4,8,0.0276898734177215,3.0,2.0,2.2337731087865578,4.137733000246763,-0.0352976507183894,-0.04886797051976163,2458,2528,56.68,0.0,100.93,0.56,44.08,49946.15059999999
564,2024-01-13,4,7,0.0167294019238811,4.0,2.0,1.0172557978351526,5.1606611898197725,-0.0014436058630621,0.017901094370923548,2351,2391,38.28,0.0,100.93,0.56,44.08,49946.15059999999
565,2024-01-14,4,9,0.040764331210191,4.0,3.0,2.054008416909319,4.047355047184612,-0.0442278998997908,-0.043555629500768286,2259,2355,46.01,0.0,100.93,0.56,44.08,49946.15059999999
566,2024-01-15,4,3,-0.0338208409506397,1.0,3.0,1.907563825271368,6.608522155948724,-0.0245680140253808,0.010450621955315875,2262,2188,45.06,27.99,100.93,0.56,44.08,49946.15059999999
567,2024-01-16,4,8,0.0381517592200084,2.0,4.0,-2.659480822009063,4.438421250396779,0.1377368164229485,0.14779021710613793,2269,2359,53.89,0.0,100.93,0.56,44.08,49946.15059999999
568,2024-01-17,4,8,0.0326530612244897,3.0,4.0,1.074011443820299,5.207270746973618,0.0207830787817881,0.016564678028863675,2370,2450,53.79,91.02,100.93,0.56,44.08,49946.15059999999
569,2024-01-18,4,8,0.0372318899231081,3.0,3.0,2.535804815465408,5.307732574679432,-0.0213272829526281,-0.03859643866195714,2379,2471,47.44,31.72,100.93,0.56,44.08,49946.15059999999
570,2024-01-19,4,9,0.050710718401844,3.0,3.0,2.179759641469039,5.159250468373703,-0.0286626871310057,-0.027499231961681414,2471,2603,48.78,78.63,100.93,0.56,44.08,49946.15059999999
571,2024-01-20,4,10,0.0715674834694671,4.0,3.0,0.2722823800584202,3.0414510448634613,0.0476841670665826,0.007020832761896911,2387,2571,42.67,0.0,100.93,0.56,44.08,49946.15059999999
572,2024-01-21,4,7,0.0223345975558364,1.0,3.0,-0.6112530150787356,3.553578936016671,0.0294766589325075,0.05116221684811194,2320,2373,37.43,0.0,100.93,0.56,44.08,49946.15059999999
573,2024-01-22,4,8,0.0282462057335581,1.0,4.0,-1.2366238486432644,4.547649724430908,0.0440122128504113,0.09431412192934685,2305,2372,45.82,0.0,100.93,0.56,44.08,49946.15059999999
574,2024-01-23,4,3,-0.0516098484848484,2.0,4.0,0.7378919769171753,5.319431833331531,0.0486365703075884,0.03179854656856289,2221,2112,48.56,0.0,100.93,0.56,44.08,49946.15059999999
575,2024-01-24,4,8,0.0270270270270269,3.0,4.0,3.266159759119444,4.862220785714229,-0.0515663714405418,-0.0755029960812399,2268,2331,54.15,37.92,100.93,0.56,44.08,49946.15059999999
576,2024-01-25,4,9,0.0400432900432899,1.0,4.0,-2.903608202963204,4.042852526848983,0.1728193938527477,0.14986038069777552,2661,2772,54.23,225.93,100.93,0.56,44.08,49946.15059999999
577,2024-01-26,4,9,0.0642132932782576,4.0,4.0,-0.3197834594589959,3.651575680878299,0.122319810267634,0.04163357047403839,2492,2663,46.51,0.0,100.93,0.56,44.08,49946.15059999999
578,2024-01-27,4,4,-0.0283870967741934,1.0,4.0,-1.279604910853548,4.598442455500656,0.1519908180766047,0.09694940549646269,2391,2325,47.16,0.0,100.93,0.56,44.08,49946.15059999999
579,2024-01-28,4,4,-0.0182049110922946,4.0,2.0,2.569915042481,4.531523955320277,0.07436895872029,-0.054563076797967416,2405,2362,43.65,0.0,100.93,0.56,44.08,49946.15059999999
580,2024-01-29,4,6,0.0033277870216306,1.0,3.0,-0.1086192531426017,5.512836457592757,0.0562714032188689,0.06848536653897094,2396,2404,42.01,0.0,100.93,0.56,44.08,49946.15059999999
581,2024-01-30,4,2,-0.068903803131991,4.0,2.0,0.0587246836904171,4.673681537841682,-5.71042871978511e-05,0.04613163717950344,2389,2235,40.8,48.15,100.93,0.56,44.08,49946.15059999999
582,2024-01-31,4,7,0.0130746520455503,2.0,3.0,0.566100860126702,5.602707656429329,0.0012806076982987,0.043844848715211396,2340,2371,59.31,0.0,101.34,0.56,44.08,49946.15059999999
583,2024-02-01,4,8,0.0287040945546643,3.0,3.0,1.8907865017895944,4.405350230279595,-0.0601198573626098,-0.030434971411742937,2301,2369,47.23,6.33,101.34,0.56,44.08,49946.15059999999
584,2024-02-02,4,6,0.0004244482173174,2.0,4.0,0.2152220037007265,4.744042330785732,0.0677314886514175,0.041350025621720375,2355,2356,47.81,15.65,101.34,0.56,44.08,49946.15059999999
585,2024-02-03,4,1,-0.1059665871121717,1.0,4.0,-5.092286109599853,4.65195362035738,0.1632363643386619,0.24677124008286505,2317,2095,43.96,23.22,101.34,0.56,44.08,49946.15059999999
586,2024-02-04,4,6,0.0020755500207555,4.0,2.0,2.08662378277504,4.21763303309791,0.0235966916092921,-0.04161807867858448,2404,2409,54.33,0.0,101.34,0.56,44.08,49946.15059999999
587,2024-02-05,4,6,0.0108741112505228,2.0,2.0,1.878085915344085,5.62511865643373,-0.0298462186961418,-0.006940729435688103,2365,2391,42.6,0.0,101.34,0.56,44.08,49946.15059999999
588,2024-02-06,4,5,-0.0073688773298656,3.0,3.0,0.5609179433375735,4.186404002905493,0.0105912945790071,0.017342980286412693,2324,2307,49.83,0.0,101.34,0.56,44.08,49946.15059999999
589,2024-02-07,4,9,0.0545977011494253,1.0,4.0,-1.168073241343869,4.478358490029381,0.0465219344668597,0.09033204645535174,2303,2436,46.63,0.0,101.34,0.56,44.08,49946.15059999999
590,2024-02-08,4,8,0.0282363162467419,3.0,3.0,1.7035602213627166,4.926880354051803,-0.0237686831965359,-0.013293974793852067,2237,2302,53.27,0.0,101.34,0.56,44.08,49946.15059999999
591,2024-02-09,4,3,-0.033501606241395,3.0,3.0,1.7584710670711736,3.70262034404326,-0.0332234437162079,-0.03852041489295206,2252,2179,49.0,41.61,101.34,0.56,44.08,49946.15059999999
592,2024-02-10,4,7,0.0134199134199134,2.0,2.0,0.0599342345982504,4.675065041679501,0.0437512969907358,0.04611051288462417,2279,2310,45.87,0.0,101.34,0.56,44.08,49946.15059999999
593,2024-02-11,4,5,-0.0170975813177647,1.0,4.0,0.5665370588489227,4.288693640257211,0.0407674993094471,0.019052314004675983,2439,2398,51.86,78.12,101.34,0.56,44.08,49946.15059999999
594,2024-02-12,4,6,-0.0015396458814471,1.0,4.0,-0.8603130050486425,4.61184580751775,0.0592421610022353,0.08083672663848819,2602,2598,54.36,149.45,101.34,0.56,44.08,49946.15059999999
595,2024-02-13,4,7,0.0189873417721518,4.0,3.0,0.6428218158253417,4.94007199732891,-0.017091334130413,0.02835646849673812,2480,2528,52.78,0.0,101.34,0.56,44.08,49946.15059999999
596,2024-02-14,4,6,0.0092110532639166,2.0,4.0,-2.100858690166962,4.200086376859336,0.164954280347531,0.12149285424767328,2474,2497,54.18,42.63,101.34,0.56,44.08,49946.15059999999
597,2024-02-15,4,4,-0.020073740270381,4.0,3.0,1.834637642063671,4.779924220179645,-0.0203768794959719,-0.021180894857454613,2490,2441,49.72,67.69,101.34,0.56,44.08,49946.15059999999
598,2024-02-16,4,8,0.0301391035548685,1.0,4.0,-0.8887369816485877,6.30866875235218,0.1184700992466316,0.11393945011234535,2510,2588,51.3,0.0,101.34,0.56,44.08,49946.15059999999
599,2024-02-17,4,8,0.0271035598705501,4.0,2.0,1.4762062956646242,4.974201441745513,0.0451907078677201,-0.003527884905563869,2405,2472,49.97,0.0,101.34,0.56,44.08,49946.15059999999
600,2024-02-18,4,5,-0.0128375387339529,1.0,4.0,-1.8119258325357983,6.1452621730192245,0.0953824751392165,0.14689146274616743,2288,2259,51.76,0.0,101.34,0.56,44.08,49946.15059999999
601,2024-02-19,4,9,0.0450526315789473,4.0,4.0,-0.1801152917390793,5.346494442006761,0.0247943735443115,0.06813958063563601,2268,2375,49.71,0.0,101.34,0.56,44.08,49946.15059999999
602,2024-02-20,4,4,-0.0267354596622888,3.0,3.0,0.7790211898681443,5.774160609818816,0.0938788380851264,0.03876706411451482,2189,2132,45.37,0.0,101.34,0.56,44.08,49946.15059999999
603,2024-02-21,4,8,0.0301310043668122,2.0,4.0,-2.3213996237385266,4.225541031229174,0.0731569672855754,0.1305807381478534,2221,2290,55.11,0.0,101.34,0.56,44.08,49946.15059999999
604,2024-02-22,4,8,0.0247464503042595,2.0,2.0,1.2302957462801842,5.104907165085513,-0.0612193455906579,0.00853469223522313,2404,2465,52.44,115.23,101.34,0.56,44.08,49946.15059999999
605,2024-02-23,4,6,-0.0020267531414672,2.0,3.0,0.2417048742401545,5.133912922615476,0.0879728241156933,0.047667315087735765,2472,2467,46.52,107.96,101.34,0.56,44.08,49946.15059999999
606,2024-02-24,4,6,0.0032206119162641,1.0,4.0,-2.484712395618461,4.387374261125064,0.1680137594850714,0.1400063424095127,2476,2484,57.2,0.0,101.34,0.56,44.08,49946.15059999999
607,2024-02-25,4,1,-0.1305987741631307,2.0,4.0,-1.6064855082246314,4.177171675705719,0.1212893721393858,0.10176490484593262,2398,2121,50.57,0.0,101.34,0.56,44.08,49946.15059999999
608,2024-02-26,4,5,-0.0161490683229814,4.0,2.0,2.2102401681643333,3.5097346120927018,-0.0600162169030657,-0.05979025765332455,2454,2415,55.59,52.11,101.34,0.56,44.08,49946.15059999999
609,2024-02-27,4,10,0.0799069045771916,3.0,3.0,2.791111971102648,6.496139636951632,-0.0459969013995674,-0.026154129215376506,2372,2578,59.2,0.0,101.34,0.56,44.08,49946.15059999999
610,2024-02-28,4,9,0.0612244897959183,2.0,4.0,0.7361827204400659,4.027597110647502,0.0090421055036018,0.007507937976987886,2346,2499,56.42,14.2,101.34,0.56,44.08,49946.15059999999
611,2024-02-29,4,9,0.0497124075595727,2.0,3.0,1.8095236240809949,6.3462210732223,0.0607710510996834,0.009331590382658725,2313,2434,61.7,0.0,101.98,0.56,44.08,49946.15059999999
612,2024-03-01,4,4,-0.0208604954367666,1.0,3.0,1.447687126625821,4.532506826342146,-0.0313003777926504,-0.010742828631406881,2349,2301,50.05,69.15,101.98,0.56,44.08,49946.15059999999
613,2024-03-02,4,9,0.0443659206910089,2.0,4.0,1.6592459642554762,4.137506700275266,-0.0329036795738464,-0.026447848669487392,2434,2547,58.46,69.47,101.98,0.56,44.08,49946.15059999999
614,2024-03-03,4,7,0.0148177813376051,3.0,2.0,3.571968014160586,5.622519140304997,-0.0010244738042965,-0.07310371320497688,2460,2497,53.24,0.0,101.98,0.56,44.08,49946.15059999999
615,2024-03-04,4,4,-0.0293103448275862,2.0,4.0,-2.013996796428544,4.368808058253143,0.1370342359887037,0.12128376312316777,2388,2320,52.53,0.0,101.98,0.56,44.08,49946.15059999999
616,2024-03-05,4,2,-0.0596350689808633,4.0,2.0,2.3529214647232464,5.568458918924277,0.0726782446013263,-0.02654236171637156,2381,2247,54.22,0.0,101.98,0.56,44.08,49946.15059999999
617,2024-03-06,4,9,0.0409961685823754,3.0,4.0,0.2359820888443595,4.667188235147791,0.0369428557153705,0.03909066720381686,2503,2610,55.78,61.04,101.98,0.56,44.08,49946.15059999999
618,2024-03-07,4,6,0.0036115569823435,2.0,2.0,0.5514821314967193,5.480424496117787,0.1059416869259446,0.042109804751320264,2483,2492,57.84,0.0,101.98,0.56,44.08,49946.15059999999
619,2024-03-08,4,5,-0.0041771094402673,4.0,3.0,0.3955005390898599,4.031813936092895,-0.054423771799326,0.020884623412595865,2404,2394,51.95,0.0,101.98,0.56,44.08,49946.15059999999
620,2024-03-09,4,3,-0.0389326334208224,3.0,4.0,0.2497057666774322,5.831351057984769,0.0620897367114861,0.06050510867844706,2375,2286,62.5,0.0,101.98,0.56,44.08,49946.15059999999
621,2024-03-10,4,10,0.0855188141391105,2.0,4.0,-1.4523923835660382,5.487972682663004,0.0445968938450859,0.12046541949278723,2406,2631,60.55,0.0,101.98,0.56,44.08,49946.15059999999
622,2024-03-11,4,2,-0.0536851683348498,4.0,2.0,1.3666783985152025,4.080349309937338,0.0293393866033863,-0.016106326783524333,2316,2198,50.76,0.0,101.98,0.56,44.08,49946.15059999999
623,2024-03-12,4,7,0.0244001626677511,3.0,3.0,4.3418860655777145,7.642935721014742,-0.1622721986991308,-0.06505980219622959,2399,2459,66.11,18.88,101.98,0.56,44.08,49946.15059999999
624,2024-03-13,4,9,0.062334718549301,1.0,4.0,0.8877339591024858,5.540123026400494,0.0379572707681658,0.030111153699947116,2482,2647,68.37,52.39,101.98,0.56,44.08,49946.15059999999
625,2024-03-14,4,3,-0.051665243381725,2.0,4.0,0.9972299145298086,7.290467070530539,0.0242044576165324,0.05883985074184983,2463,2342,65.01,8.84,101.98,0.56,44.08,49946.15059999999
626,2024-03-15,4,6,0.0059500198333994,2.0,4.0,-0.374598074313327,6.600267818748759,0.0318005039425079,0.0993701272725154,2506,2521,58.43,0.0,101.98,0.56,44.08,49946.15059999999
627,2024-03-16,4,2,-0.062829525483304,3.0,3.0,0.765050907163777,4.811165219782216,-0.0599423707353151,0.021155225405126196,2419,2276,54.2,9.74,101.98,0.56,44.08,49946.15059999999
628,2024-03-17,4,4,-0.0222793487574979,3.0,4.0,1.9323328520680616,4.587728245395457,-0.0571773251185821,-0.028617862168629146,2386,2334,65.05,39.9,101.98,0.56,44.08,49946.15059999999
629,2024-03-18,4,8,0.025275173257236,4.0,3.0,0.2595151185913141,4.596540816579199,0.1274342711777112,0.03684010372399342,2391,2453,57.98,0.0,101.98,0.56,44.08,49946.15059999999
630,2024-03-19,4,7,0.0120658135283363,3.0,4.0,0.0923919178959978,3.1699714495721896,0.0172225807312973,0.016465373803489128,2702,2735,66.33,195.59,101.98,0.56,44.08,49946.15059999999
631,2024-03-20,4,5,-0.0147003392385978,2.0,4.0,1.8065290803264935,4.304164880650452,0.0165261403389085,-0.029054149555279338,2692,2653,61.49,39.01,101.98,0.56,44.08,49946.15059999999
632,2024-03-21,4,3,-0.0393325387365912,2.0,4.0,-0.8360095396380909,5.246766023979971,0.0918106930851081,0.0918594492808911,2616,2517,65.55,0.0,101.98,0.56,44.08,49946.15059999999
633,2024-03-22,4,7,0.0193675889328063,2.0,4.0,1.504993254153745,6.525957560884809,0.0519071619256444,0.024606626422288086,2481,2530,62.67,0.0,101.98,0.56,44.08,49946.15059999999
634,2024-03-23,4,8,0.0336134453781512,4.0,3.0,2.6406435945228437,4.227228117021798,-0.1573937341924683,-0.06306113130087461,2530,2618,64.64,49.37,101.98,0.56,44.08,49946.15059999999
635,2024-03-24,4,3,-0.0427135678391958,4.0,2.0,3.7198970833589686,5.88205659936301,-0.1144123673339191,-0.07398400340322239,2490,2388,61.39,0.0,101.98,0.56,44.08,49946.15059999999
636,2024-03-25,4,2,-0.0635813148788926,3.0,3.0,0.8192359854461064,3.747406658496681,0.0544646020589418,-0.0010166598896979712,2459,2312,70.48,0.0,101.98,0.56,44.08,49946.15059999999
637,2024-03-26,4,5,-0.0079451065366558,2.0,2.0,3.735194479613427,4.413679974788868,-0.1192256303423587,-0.10226706659188632,2791,2769,62.41,206.45,101.98,0.56,44.08,49946.15059999999
