data/data_demo.csv
,Date,ProductID,Low_Stock_Priority,Low_Stock_Risk,Demand_Priority,Profitability_Priority,cp,price_market,a,pred_s3,OrderQuantity,Inventory,Temperature,Rainfall,CPI,Female,Age,Income
638,2024-03-27,4,4,-0.0298624754420431,3.0,1.0,3.068819772963036,4.542359405710474,-0.0853160609101476,-0.0738315438942022,2621,2545,64.01,0.0,101.98,0.56,44.08,49946.15059999999
639,2024-03-28,4,8,0.0310445580715851,1.0,4.0,-0.9924252807421324,5.371811081497493,0.0812411133740944,0.10032222060254285,2653,2738,71.64,102.02,101.98,0.56,44.08,49946.15059999999
640,2024-03-29,4,7,0.01375786163522,2.0,4.0,-1.4358770231863018,5.457309646720812,0.180242087279296,0.11924266159926697,2509,2544,55.71,0.0,101.98,0.56,44.08,49946.15059999999
641,2024-03-30,4,6,0.001796622349982,3.0,3.0,0.3900727242911591,5.962341744814346,0.0646883497461852,0.057496248123336965,2778,2783,56.31,153.64,101.98,0.56,44.08,49946.15059999999
642,2024-03-31,4,8,0.0281988015509341,4.0,4.0,3.0578709851897083,5.770836960404937,-0.0648081319899357,-0.05024146730391009,2757,2837,67.74,28.63,103.16,0.56,44.08,49946.15059999999
643,2024-04-01,4,8,0.0245133381398702,3.0,3.0,0.8554259848799902,5.243168215402492,0.0540442602865524,0.025773135203721875,2706,2774,57.25,60.88,103.16,0.56,44.08,49946.15059999999
644,2024-04-02,4,9,0.0613342898134863,2.0,4.0,-0.201315115315577,5.390364943508622,0.0983618107930614,0.06979420247606255,2617,2788,73.05,0.0,103.16,0.56,44.08,49946.15059999999
645,2024-04-03,4,6,0.0044069041498346,4.0,2.0,4.1044863600971215,6.5885306910975325,-0.0923897235602265,-0.07567447255463693,2711,2723,61.49,121.11,103.16,0.56,44.08,49946.15059999999
646,2024-04-04,4,1,-0.1117021276595744,3.0,3.0,1.573808976006693,4.489073818767737,0.0600576008876995,-0.016484416789071726,2717,2444,60.04,68.98,103.16,0.56,44.08,49946.15059999999
647,2024-04-05,4,2,-0.0532075471698112,1.0,4.0,-3.6411885515814832,5.774728319067162,0.2180787425457865,0.21130312630727943,2791,2650,73.61,130.18,103.16,0.56,44.08,49946.15059999999
648,2024-04-06,4,7,0.0114306784660767,3.0,3.0,1.6343212525853774,3.1918560735017483,-0.0202613446542547,-0.043305092142607964,2681,2712,71.62,0.0,103.16,0.56,44.08,49946.15059999999
649,2024-04-07,4,6,0.0026345502446367,2.0,3.0,2.040081229141736,5.411334242897609,-0.0593464438488654,-0.017294442623463607,2650,2657,73.78,0.0,103.16,0.56,44.08,49946.15059999999
650,2024-04-08,4,6,0.0064603876232574,3.0,4.0,1.4512173089422076,4.516750457520892,-0.0042123279014786,-0.011177698936486707,2922,2941,69.2,230.39,103.16,0.56,44.08,49946.15059999999
651,2024-04-09,4,3,-0.035754189944134,1.0,2.0,1.8994242004639847,5.00257118243151,0.0537411185740636,-0.019511610867710832,2781,2685,60.58,0.0,103.16,0.56,44.08,49946.15059999999
652,2024-04-10,4,8,0.0289139633286318,2.0,4.0,0.8654487821540365,6.040086245053703,-0.0019362290264697,0.040407688141219034,2754,2836,74.66,0.0,103.16,0.56,44.08,49946.15059999999
653,2024-04-11,4,10,0.0669317428760768,2.0,4.0,-1.6367917392894684,5.164643809526398,0.0715134854123145,0.12156640649956928,2816,3018,63.99,113.69,103.16,0.56,44.08,49946.15059999999
654,2024-04-12,4,6,-0.0018796992481202,3.0,4.0,0.2585919935590931,5.885187541208928,0.1044555893712479,0.06117334773082012,2665,2660,69.57,9.77,103.16,0.56,44.08,49946.15059999999
655,2024-04-13,4,6,0.0067340067340067,2.0,4.0,-0.8912315911125828,6.473764815138405,0.1030960637726795,0.11714967531285256,2655,2673,70.51,58.3,103.16,0.56,44.08,49946.15059999999
656,2024-04-14,4,4,-0.0315621254494606,1.0,4.0,-0.8654818215887556,5.389093968865721,0.1022959622343279,0.09569335197519742,2582,2503,65.22,0.0,103.16,0.56,44.08,49946.15059999999
657,2024-04-15,4,4,-0.0204475308641975,2.0,4.0,-1.5261366982045508,6.171041064620488,0.1322496645489543,0.13622287382493595,2645,2592,69.29,37.01,103.16,0.56,44.08,49946.15059999999
658,2024-04-16,4,8,0.0357529794149512,3.0,3.0,1.9049781852792929,4.673439022320792,-0.0255501465250041,-0.025934119198055883,2670,2769,71.06,0.0,103.16,0.56,44.08,49946.15059999999
659,2024-04-17,4,7,0.016672337529772,3.0,4.0,1.195792290825254,4.991790117730386,0.0470171569657202,0.0077485952178385775,2890,2939,68.55,165.81,103.16,0.56,44.08,49946.15059999999
660,2024-04-18,4,5,-0.0158192090395479,2.0,3.0,0.1036692746385838,4.477380583601522,0.0038371980801939,0.04067618240605007,2697,2655,61.39,0.0,103.16,0.56,44.08,49946.15059999999
661,2024-04-19,4,7,0.0203552923760177,3.0,4.0,-0.2986758554607762,6.042977594646376,0.029727111120649,0.08589919272966536,2647,2702,68.6,0.0,103.16,0.56,44.08,49946.15059999999
662,2024-04-20,4,5,-0.0124633431085043,3.0,3.0,0.9531537899570957,5.414091353793595,0.0238177987754598,0.02518144441578342,2762,2728,73.97,66.64,103.16,0.56,44.08,49946.15059999999
663,2024-04-21,4,6,-0.0026415094339622,3.0,2.0,3.1583894562249784,4.492765538105077,-0.1657123101710098,-0.07826262516315935,2657,2650,64.08,0.0,103.16,0.56,44.08,49946.15059999999
664,2024-04-22,4,6,-0.0027450980392156,1.0,4.0,-3.00843143099783,5.154668833646332,0.1184112319009199,0.17491484592169063,2557,2550,67.03,0.0,103.16,0.56,44.08,49946.15059999999
665,2024-04-23,4,5,-0.0092184368737475,3.0,2.0,1.7537530417017857,6.041568388818582,0.0853800289004089,0.0057641996648794686,2518,2495,65.82,0.0,103.16,0.56,44.08,49946.15059999999
666,2024-04-24,4,2,-0.0632090761750405,2.0,4.0,-0.0914239480355647,4.960732008962047,0.0973726983671819,0.05740438109132596,2624,2468,77.47,69.38,103.16,0.56,44.08,49946.15059999999
667,2024-04-25,4,9,0.0497097242380261,1.0,4.0,-2.7691716899588954,4.051067189150237,0.1641332981554343,0.14476807059649294,2619,2756,71.81,0.0,103.16,0.56,44.08,49946.15059999999
668,2024-04-26,4,6,0.0064638783269962,1.0,4.0,-2.8914061663279176,5.131911755787412,0.2436818412636839,0.16991814799085658,2613,2630,70.7,0.0,103.16,0.56,44.08,49946.15059999999
669,2024-04-27,4,9,0.060353798126951,2.0,4.0,-0.8255669882705836,3.01943440893106,0.0176831974896195,0.049455909235236864,2709,2883,65.04,107.77,103.16,0.56,44.08,49946.15059999999
670,2024-04-28,4,3,-0.0346320346320345,3.0,3.0,1.4390191115860906,5.768770644399475,-0.0132015008791005,0.012905035703373507,2629,2541,71.81,0.0,103.16,0.56,44.08,49946.15059999999
671,2024-04-29,4,9,0.0526709002614866,2.0,2.0,1.7861258679601832,4.57867241267532,0.0057346646883597,-0.023081998530017342,2536,2677,65.96,0.0,103.16,0.56,44.08,49946.15059999999
672,2024-04-30,4,7,0.0161746866154468,1.0,4.0,-0.8779631453555705,4.530689263720893,0.133123581222789,0.07999543712467869,2433,2473,69.71,0.0,103.81,0.56,44.08,49946.15059999999
673,2024-05-01,4,4,-0.0251299826689774,2.0,2.0,3.0340419828264893,5.875695678779507,-0.0391853104535756,-0.04733430350307635,2366,2308,66.6,9.44,103.81,0.56,44.08,49946.15059999999
674,2024-05-02,4,5,-0.004222972972973,4.0,1.0,3.845966993032212,3.6348371227748313,-0.2514553127342732,-0.12127558106569859,2378,2368,73.38,0.0,103.81,0.56,44.08,49946.15059999999
675,2024-05-03,4,9,0.057370820668693,4.0,3.0,1.7921731699131205,6.947098642820357,-0.0480494671184691,0.02133824030849399,2481,2632,73.11,0.0,103.81,0.56,44.08,49946.15059999999
676,2024-05-04,4,1,-0.1160145586897178,2.0,4.0,-0.1828053356162216,4.519757958261777,0.0824313715902203,0.05265660089916597,2453,2198,69.4,0.0,103.81,0.56,44.08,49946.15059999999
677,2024-05-05,4,6,0.0036659877800406,4.0,2.0,3.2488383690207363,4.476749056615105,-0.1072533848974658,-0.08209492780072329,2446,2455,72.65,0.0,103.81,0.56,44.08,49946.15059999999
678,2024-05-06,4,9,0.050887573964497,4.0,2.0,2.5107913913266766,6.021224743167164,0.0862810233857503,-0.024167366100516077,2406,2535,65.42,0.0,103.81,0.56,44.08,49946.15059999999
679,2024-05-07,4,3,-0.0323679727427597,4.0,2.0,2.734814822709836,5.708695273110426,-0.0074734743239534,-0.03880392201836548,2424,2348,63.65,0.0,103.81,0.56,44.08,49946.15059999999
680,2024-05-08,4,2,-0.0782417582417582,1.0,4.0,-0.3129273499430629,7.451229719075076,0.1243234969883108,0.11300779612851426,2453,2275,73.53,27.45,103.81,0.56,44.08,49946.15059999999
681,2024-05-09,4,7,0.0243124750896771,1.0,4.0,-4.669109010549405,4.78879401636848,0.1986009439463414,0.23283430245615797,2448,2509,72.39,0.0,103.81,0.56,44.08,49946.15059999999
682,2024-05-10,4,2,-0.0815412186379929,4.0,1.0,5.233582042967351,4.879593361335591,-0.1721333378530503,-0.15196596582876587,2414,2232,74.95,0.0,103.81,0.56,44.08,49946.15059999999
683,2024-05-11,4,5,-0.0145808019441069,2.0,4.0,-2.2217568068998674,3.520684020036746,0.1473232651280461,0.11340161761163012,2505,2469,83.92,0.0,103.81,0.56,44.08,49946.15059999999
684,2024-05-12,4,9,0.0433781190019193,3.0,3.0,0.9284638562795576,4.667897722651174,0.068812110635532,0.012075764836683017,2492,2605,76.94,0.0,103.81,0.56,44.08,49946.15059999999
685,2024-05-13,4,8,0.0267489711934156,3.0,2.0,5.761490702439501,4.2785687044282446,-0.1556232896012062,-0.18390300389561337,2838,2916,67.88,225.67,103.81,0.56,44.08,49946.15059999999
686,2024-05-14,4,7,0.0157086754730453,3.0,3.0,1.661153512548748,4.551232986894501,0.0312834215422406,-0.018721563914278247,2757,2801,78.25,0.0,103.81,0.56,44.08,49946.15059999999
687,2024-05-15,4,7,0.0153188457427858,4.0,3.0,2.8984929471164715,3.255812243446045,-0.1340168628386019,-0.0914411383013947,2764,2807,66.31,94.33,103.81,0.56,44.08,49946.15059999999
688,2024-05-16,4,7,0.0133670520231213,2.0,4.0,-2.004793138763425,6.660607559894514,0.2310803730405985,0.1641360222798321,2731,2768,70.8,74.72,103.81,0.56,44.08,49946.15059999999
689,2024-05-17,4,5,-0.0065891472868218,2.0,4.0,-2.555333909467413,3.5833965175743594,0.0812751821850532,0.1276039103610324,2597,2580,72.99,0.0,103.81,0.56,44.08,49946.15059999999
690,2024-05-18,4,6,0.0085027726432532,2.0,3.0,-0.065405583959109,2.197797201608287,0.0011924812446247,0.004294194425761004,2682,2705,82.12,77.33,103.81,0.56,44.08,49946.15059999999
691,2024-05-19,4,2,-0.068060680606806,4.0,1.0,3.181499468869,3.811575578416981,-0.0723385890514981,-0.09200835298579825,2605,2439,70.05,0.0,103.81,0.56,44.08,49946.15059999999
692,2024-05-20,4,2,-0.0537412153782554,2.0,3.0,0.30750110470538,4.396160447203849,0.028640637830254,0.03118902347711905,2549,2419,69.87,0.0,103.81,0.56,44.08,49946.15059999999
693,2024-05-21,4,7,0.0145190562613429,3.0,4.0,-0.5892726421429975,3.850445936742882,0.018391786020301,0.055901676656983,2715,2755,73.73,60.63,103.81,0.56,44.08,49946.15059999999
694,2024-05-22,4,2,-0.0605326876513316,3.0,2.0,1.395934579889935,6.098303540732513,-0.0330213392673661,0.020799955910073012,2628,2478,71.13,0.0,103.81,0.56,44.08,49946.15059999999
695,2024-05-23,4,5,-0.011333585190782,3.0,4.0,3.1638704369545305,4.862160821403906,-0.1589753758960539,-0.07151166865378611,2677,2647,80.3,45.09,103.81,0.56,44.08,49946.15059999999
696,2024-05-24,4,9,0.059706828745084,1.0,4.0,-1.8898803981467436,5.025385604406459,0.1641428307191405,0.12881902900218684,2630,2797,69.49,0.0,103.81,0.56,44.08,49946.15059999999
697,2024-05-25,4,5,-0.0038314176245211,2.0,4.0,-1.4210859882467033,5.610391764305413,0.1868494491540752,0.12155168933879543,2882,2871,69.37,165.96,103.81,0.56,44.08,49946.15059999999
698,2024-05-26,4,7,0.013531799729364,2.0,4.0,-0.5773385090187324,5.2860125269781175,0.0789520185144964,0.08250323750473981,2916,2956,73.14,106.85,103.81,0.56,44.08,49946.15059999999
699,2024-05-27,4,9,0.046217048955837,3.0,1.0,3.1892767494241827,5.978567297446043,-0.0903921007040045,-0.05145365023947325,2786,2921,73.07,0.0,103.81,0.56,44.08,49946.15059999999
700,2024-05-28,4,3,-0.0377286585365854,3.0,2.0,1.4696430518974637,3.890522446363855,-0.093015050744913,-0.023704296733562197,2723,2624,85.43,0.0,103.81,0.56,44.08,49946.15059999999
701,2024-05-29,4,6,-0.002698535080956,4.0,1.0,5.264306821140887,4.452481899320568,-0.130727796203923,-0.1612182992299711,2601,2594,80.75,0.0,103.81,0.56,44.08,49946.15059999999
702,2024-05-30,4,1,-0.0999138673557278,2.0,1.0,2.872891451662232,5.665967146069538,0.0503565228472636,-0.044998827185965096,2554,2322,76.66,0.0,103.81,0.56,44.08,49946.15059999999
703,2024-05-31,4,7,0.0171673819742489,3.0,3.0,0.9298096462606592,2.46544553791577,-0.1017347040904797,-0.029503621801834745,2519,2563,70.32,0.0,104.61,0.56,44.08,49946.15059999999
704,2024-06-01,4,3,-0.0397799407532797,3.0,3.0,3.530155676177532,3.624815520682759,-0.1640953702558538,-0.10913809431061569,2457,2363,80.89,0.0,104.61,0.56,44.08,49946.15059999999
705,2024-06-02,4,6,0.0035377358490565,2.0,2.0,1.422994025463756,5.5009922321799465,-0.0336574806681693,0.008481595249194118,2535,2544,71.89,15.67,104.61,0.56,44.08,49946.15059999999
706,2024-06-03,4,8,0.0387821674519753,3.0,3.0,-0.4098427050148898,4.519750965005074,0.0401246014465716,0.06151797240004138,2652,2759,69.39,57.85,104.61,0.56,44.08,49946.15059999999
707,2024-06-04,4,2,-0.0767660269497754,3.0,3.0,2.3599496884902047,5.936107550109698,-0.023813356046698,-0.0198847285298112,2637,2449,83.27,34.97,104.61,0.56,44.08,49946.15059999999
708,2024-06-05,4,7,0.0155254777070064,1.0,4.0,-0.3926533077221656,5.809180296853163,0.1624975528614493,0.08515902185151641,2473,2512,79.14,0.0,104.61,0.56,44.08,49946.15059999999
709,2024-06-06,4,7,0.0154089292769655,2.0,3.0,0.4192057983922664,3.801907119808962,0.0752249933300363,0.015624528943337906,2492,2531,82.38,0.0,104.61,0.56,44.08,49946.15059999999
710,2024-06-07,4,8,0.0304532577903682,4.0,3.0,3.655565391915966,5.406657087466881,-0.070336214751535,-0.08043664739377526,2738,2824,79.59,136.45,104.61,0.56,44.08,49946.15059999999
711,2024-06-08,4,2,-0.0640413683373111,1.0,3.0,0.7974370275652013,6.201697855667506,-0.0012675509758912,0.04610941653236099,2675,2514,82.51,0.0,104.61,0.56,44.08,49946.15059999999
712,2024-06-09,4,8,0.0352455943007123,1.0,4.0,-0.6062827746832566,5.147434401650972,0.0277105260455179,0.08102009529153048,2573,2667,75.19,0.0,104.61,0.56,44.08,49946.15059999999
713,2024-06-10,4,9,0.0411010558069381,4.0,3.0,0.0713246171290167,4.022535122754131,0.0023421624984326,0.03336259451151219,2543,2652,73.5,0.0,104.61,0.56,44.08,49946.15059999999
714,2024-06-11,4,9,0.0404342942718083,3.0,3.0,3.043581171177346,5.87938994191337,0.0122026390693581,-0.0476369731917759,2563,2671,82.3,0.0,104.61,0.56,44.08,49946.15059999999
715,2024-06-12,4,9,0.0409928544565626,1.0,4.0,-0.1050813468334583,5.635424526553996,0.0644210026330376,0.07065865545960509,2550,2659,75.09,0.0,104.61,0.56,44.08,49946.15059999999
716,2024-06-13,4,6,-0.0012285012285011,3.0,4.0,0.2262583062987069,5.542610783498796,0.0298977987645112,0.05597613884254669,2445,2442,75.89,0.0,104.61,0.56,44.08,49946.15059999999
717,2024-06-14,4,8,0.0252639517345399,3.0,4.0,-0.020585479267257,5.715938893436992,0.0555727169237993,0.06887877896260963,2585,2652,77.28,62.04,104.61,0.56,44.08,49946.15059999999
718,2024-06-15,4,5,-0.0037764350453173,3.0,3.0,1.3678509886806198,2.005387139772381,0.0054725770061529,-0.05527515084522505,2658,2648,79.87,69.85,104.61,0.56,44.08,49946.15059999999
719,2024-06-16,4,4,-0.0222222222222221,1.0,4.0,0.2290204792487834,5.880937561080971,-0.0098000511632965,0.06224742187277614,2530,2475,78.23,0.38,104.61,0.56,44.08,49946.15059999999
180,2023-12-20,2,10,0.0761904761904761,2.0,3.0,1.0691447915013286,7.176304830099404,0.0287773937199244,0.008381495212319085,485,525,42.22,0.0,100.93,0.56,44.08,49946.15059999999
181,2023-12-21,2,1,-0.1837121212121211,2.0,4.0,-3.67020945667328,-2.77029885617328,0.0995508203309717,0.09782990288780796,625,528,45.34,0.0,100.93,0.56,44.08,49946.15059999999
182,2023-12-22,2,9,0.0520304568527918,3.0,2.0,4.875694353081562,29.410400976909894,0.0463544966678377,0.012170364161673192,747,788,51.87,62.52,100.93,0.56,44.08,49946.15059999999
183,2023-12-23,2,7,0.014760147601476,2.0,3.0,-1.8061729668202424,34.93594269809523,0.2431638302456987,0.24207202107216136,801,813,50.23,0.0,100.93,0.56,44.08,49946.15059999999
184,2023-12-24,2,4,-0.0197823936696339,3.0,4.0,-0.3131500182853517,2.7376035357566035,0.0560452812758036,0.026306489708025342,1031,1011,36.22,0.0,100.93,0.56,44.08,49946.15059999999
185,2023-12-25,2,9,0.0564236111111111,3.0,3.0,3.156495237782923,-6.0202093955896565,-0.1174093636235995,-0.12433723656193012,1087,1152,46.08,5.22,100.93,0.56,44.08,49946.15059999999
186,2023-12-26,2,1,-0.1402321083172146,1.0,3.0,0.7813110108260601,30.45657401123407,0.0930709190261956,0.14062303707476578,1179,1034,40.8,0.0,100.93,0.56,44.08,49946.15059999999
187,2023-12-27,2,10,0.1119631901840491,4.0,1.0,7.629043786220207,-15.709854195869426,-0.3413786326042436,-0.31003177807543125,1158,1304,41.26,154.3,100.93,0.56,44.08,49946.15059999999
188,2023-12-28,2,1,-0.1894736842105262,2.0,4.0,-0.8785707291703457,-3.399324890949231,-0.0413062304495696,0.010695557460478806,1243,1045,44.05,0.0,100.93,0.56,44.08,49946.15059999999
189,2023-12-29,2,10,0.0857142857142857,3.0,2.0,3.801152608047549,29.511692250753526,-0.0265259393191084,0.04496191479022439,1280,1400,42.94,26.71,100.93,0.56,44.08,49946.15059999999
190,2023-12-30,2,1,-0.1243432574430822,3.0,3.0,2.8821515453175133,14.169711779664157,-0.0622387849215249,-0.008908189151833307,1284,1142,49.72,0.0,100.93,0.56,44.08,49946.15059999999
191,2023-12-31,2,3,-0.0349593495934958,2.0,4.0,-0.5042804932235923,11.040939771109684,0.1583878590368021,0.07612838789764431,1273,1230,46.47,0.0,100.93,0.56,44.08,49946.15059999999
192,2024-01-01,2,5,-0.0164062499999999,3.0,2.0,4.5698299815952605,20.29224909741568,0.0122107891852232,-0.02705968593334282,1301,1280,43.5,52.33,100.93,0.56,44.08,49946.15059999999
193,2024-01-02,2,1,-0.0990764063811922,2.0,3.0,2.485361006333256,12.70838364681887,-0.0362995594774703,-0.004756629509615751,1309,1191,45.33,0.0,100.93,0.56,44.08,49946.15059999999
194,2024-01-03,2,7,0.022421524663677,3.0,1.0,5.315371653641002,-4.480300832446353,-0.1897515451634552,-0.18096288431783586,1308,1338,45.0,77.18,100.93,0.56,44.08,49946.15059999999
195,2024-01-04,2,4,-0.0290939318370739,3.0,1.0,5.470512461891195,34.14113019009281,0.0241591785628333,0.019432967656536182,1238,1203,51.03,82.35,100.93,0.56,44.08,49946.15059999999
