data/data_demo.csv
,Date,ProductID,Low_Stock_Priority,Low_Stock_Risk,Demand_Priority,Profitability_Priority,cp,price_market,a,pred_s3,OrderQuantity,Inventory,Temperature,Rainfall,CPI,Female,Age,Income
196,2024-01-05,2,4,-0.0320512820512821,2.0,1.0,9.48970784784207,34.87521079330223,-0.1231130172472847,-0.09731094784236491,1288,1248,42.75,216.32,100.93,0.56,44.08,49946.15059999999
197,2024-01-06,2,6,0.0038850038850039,4.0,1.0,7.009583848309176,18.079988456669398,-0.1014925626105937,-0.11203761147511444,1282,1287,45.57,133.65,100.93,0.56,44.08,49946.15059999999
198,2024-01-07,2,1,-0.1014851485148515,2.0,2.0,1.892454486172669,15.677010231480152,0.0652765324397116,0.02880154621831328,1335,1212,39.95,0.0,100.93,0.56,44.08,49946.15059999999
199,2024-01-08,2,3,-0.0397766922540125,1.0,1.0,2.2818624672722208,50.09437209030087,0.1857925746904735,0.1998449178074828,1490,1433,31.68,0.0,100.93,0.56,44.08,49946.15059999999
200,2024-01-09,2,9,0.0615595075239397,4.0,1.0,6.29897878766134,10.853507324762443,-0.1043030822976056,-0.12907540469986203,1372,1462,47.93,109.97,100.93,0.56,44.08,49946.15059999999
201,2024-01-10,2,10,0.1283095723014257,4.0,1.0,4.965791192167794,11.106345272489408,-0.0381858500502703,-0.08771565700300332,1284,1473,49.21,65.53,100.93,0.56,44.08,49946.15059999999
202,2024-01-11,2,10,0.0708502024291497,4.0,1.0,4.920394578292776,20.467218738607585,-0.0480415423000702,-0.03665337175776491,1377,1482,41.4,64.01,100.93,0.56,44.08,49946.15059999999
203,2024-01-12,2,10,0.0701881331403763,1.0,4.0,-1.8508681329325036,37.06982934213507,0.2524129843895036,0.25474304007303655,1285,1382,56.68,0.0,100.93,0.56,44.08,49946.15059999999
204,2024-01-13,2,10,0.1151358344113842,3.0,1.0,2.927021626803193,38.891561316262255,0.0980323213866538,0.12100059106776723,1368,1546,38.28,0.0,100.93,0.56,44.08,49946.15059999999
205,2024-01-14,2,1,-0.1087662337662338,3.0,4.0,0.7859072723829339,11.121410524848432,0.0331752055057991,0.0378289704271256,1366,1232,46.01,0.0,100.93,0.56,44.08,49946.15059999999
206,2024-01-15,2,10,0.1236456341618865,2.0,2.0,3.839773797129715,19.62496868939018,-0.0246253361268291,-0.008688891030657328,1375,1569,45.06,27.99,100.93,0.56,44.08,49946.15059999999
207,2024-01-16,2,10,0.0981432360742705,4.0,3.0,2.705548831071126,-5.671252005961158,-0.129555119977603,-0.108948776781786,1360,1508,53.89,0.0,100.93,0.56,44.08,49946.15059999999
208,2024-01-17,2,10,0.1267418712674187,4.0,1.0,5.730536724277776,10.320358381256806,-0.0991676437241425,-0.11484352379222719,1316,1507,53.79,91.02,100.93,0.56,44.08,49946.15059999999
209,2024-01-18,2,5,-0.0115740740740741,4.0,1.0,3.951654645573906,2.3956440678104016,-0.0693408439461067,-0.10352272219972677,1311,1296,47.44,31.72,100.93,0.56,44.08,49946.15059999999
210,2024-01-19,2,2,-0.0950305143853531,4.0,1.0,5.358983886326929,-0.1024762844847568,-0.1422487079395255,-0.15902879624477703,1256,1147,48.78,78.63,100.93,0.56,44.08,49946.15059999999
211,2024-01-20,2,5,-0.0115702479338843,2.0,2.0,1.6007427097921707,40.22365074400992,0.1822338057614654,0.16788303125150855,1224,1210,42.67,0.0,100.93,0.56,44.08,49946.15059999999
212,2024-01-21,2,8,0.0292611558156546,3.0,2.0,0.1666612322452487,3.115700072907826,-0.0249846031503893,0.013911758592668041,1327,1367,37.43,0.0,100.93,0.56,44.08,49946.15059999999
213,2024-01-22,2,6,0.0023130300693908,4.0,2.0,1.7698509203923547,7.025911379828177,-0.073613028481834,-0.013449592123776215,1294,1297,45.82,0.0,100.93,0.56,44.08,49946.15059999999
214,2024-01-23,2,5,-0.0164609053497941,3.0,2.0,2.9489387584156783,20.487731818752877,0.0417205490065055,0.02263134373468327,1235,1215,48.56,0.0,100.93,0.56,44.08,49946.15059999999
215,2024-01-24,2,8,0.0347615198059821,1.0,3.0,4.137455206665246,34.467379004603785,0.0918822187951297,0.06117856303384141,1194,1237,54.15,37.92,100.93,0.56,44.08,49946.15059999999
216,2024-01-25,2,10,0.0759289176090468,4.0,1.0,9.777926852072556,22.21672689583253,-0.1592054540488778,-0.17316985181569478,1144,1238,54.23,225.93,100.93,0.56,44.08,49946.15059999999
217,2024-01-26,2,3,-0.0399305555555555,2.0,1.0,2.873228545018072,56.39032671032373,0.2699030233123486,0.2155213833037647,1198,1152,46.51,0.0,100.93,0.56,44.08,49946.15059999999
218,2024-01-27,2,2,-0.0758556891766881,4.0,3.0,0.1321649985216693,13.879980326232756,0.1120842215719519,0.07209795665558993,1163,1081,47.16,0.0,100.93,0.56,44.08,49946.15059999999
219,2024-01-28,2,2,-0.0913748932536293,3.0,3.0,1.9620546729018409,18.88074660344619,0.1744947442144294,0.04372199059830302,1278,1171,43.65,0.0,100.93,0.56,44.08,49946.15059999999
220,2024-01-29,2,10,0.1236316806181584,2.0,2.0,1.6092120760617177,19.134010109760844,0.0415716867192928,0.055657670040881624,1361,1553,42.01,0.0,100.93,0.56,44.08,49946.15059999999
221,2024-01-30,2,9,0.0571428571428571,2.0,1.0,4.444444421320386,36.52574080183732,0.0092418204074473,0.06289233508411796,1386,1470,40.8,48.15,100.93,0.56,44.08,49946.15059999999
222,2024-01-31,2,7,0.0241621200311769,1.0,4.0,-1.6223910433338746,22.60858426664423,0.1224630310095939,0.17110597471525885,1252,1283,59.31,0.0,101.34,0.56,44.08,49946.15059999999
223,2024-02-01,2,2,-0.0565217391304346,2.0,2.0,3.1897859826009958,13.256554494192764,-0.0503061253605968,-0.022990458327637214,1215,1150,47.23,6.33,101.34,0.56,44.08,49946.15059999999
224,2024-02-02,2,2,-0.0586712683347714,4.0,2.0,3.469519613896127,0.7876710763968067,-0.0684066246352017,-0.097588017771778,1227,1159,47.81,15.65,101.34,0.56,44.08,49946.15059999999
225,2024-02-03,2,1,-0.1233123312331232,3.0,1.0,3.696543108600827,18.66665183942449,-0.1170733760417635,-0.009477623699871693,1248,1111,43.96,23.22,101.34,0.56,44.08,49946.15059999999
226,2024-02-04,2,1,-0.1571709233791749,1.0,4.0,1.208051793103912,36.0201724693794,0.2132029630445293,0.1573526489512987,1178,1018,54.33,0.0,101.34,0.56,44.08,49946.15059999999
227,2024-02-05,2,10,0.1055517477724469,3.0,1.0,2.2862348107919788,8.84427309513194,-0.0307580387836329,-0.019295304517438765,1305,1459,42.6,0.0,101.34,0.56,44.08,49946.15059999999
228,2024-02-06,2,1,-0.0998278829604131,1.0,4.0,-1.2721827269475945,22.934154276248734,0.1389522098463387,0.16232256502280368,1278,1162,49.83,0.0,101.34,0.56,44.08,49946.15059999999
229,2024-02-07,2,9,0.0595930232558139,3.0,2.0,1.520040349913418,18.692216830272663,-0.0020672039474621,0.05598866391070158,1294,1376,46.63,0.0,101.34,0.56,44.08,49946.15059999999
230,2024-02-08,2,4,-0.0188834154351396,1.0,4.0,1.3714155719498469,27.95279487571972,0.0966530607914938,0.1096169784322765,1241,1218,53.27,0.0,101.34,0.56,44.08,49946.15059999999
231,2024-02-09,2,1,-0.1534795042897998,4.0,2.0,4.248150138784276,2.92869389043196,-0.1026427460504232,-0.10959230006565551,1210,1049,49.0,41.61,101.34,0.56,44.08,49946.15059999999
232,2024-02-10,2,5,-0.0072697899838449,1.0,4.0,-0.4685472954657381,50.199705457898425,0.2590206051825189,0.2829612830184778,1247,1238,45.87,0.0,101.34,0.56,44.08,49946.15059999999
233,2024-02-11,2,3,-0.0404929577464787,3.0,1.0,5.34359430512998,-4.1874166054238735,-0.1526047607736373,-0.18025501481601405,1182,1136,51.86,78.12,101.34,0.56,44.08,49946.15059999999
234,2024-02-12,2,8,0.03125,4.0,1.0,7.483453633474106,9.51673365020944,-0.1904346355837792,-0.17172628167018744,1147,1184,54.36,149.45,101.34,0.56,44.08,49946.15059999999
235,2024-02-13,2,3,-0.0329776915615906,2.0,4.0,-3.2099550750405976,29.07138811358468,0.1914448946485187,0.2530717077190142,1065,1031,52.78,0.0,101.34,0.56,44.08,49946.15059999999
236,2024-02-14,2,6,0.0058651026392961,3.0,2.0,4.278776192334303,19.4509975874117,0.005865661076597,-0.022789781824936198,1017,1023,54.18,42.63,101.34,0.56,44.08,49946.15059999999
237,2024-02-15,2,4,-0.0227948463825569,3.0,2.0,5.030724105090737,27.449792386216547,0.0023220596793318,-0.002892506199425715,1032,1009,49.72,67.69,101.34,0.56,44.08,49946.15059999999
238,2024-02-16,2,8,0.0358391608391608,3.0,3.0,1.087688923343313,7.558464990261564,0.0181960878575634,0.009853870388789657,1103,1144,51.3,0.0,101.34,0.56,44.08,49946.15059999999
239,2024-02-17,2,1,-0.2159329140461217,3.0,1.0,1.808184557013607,13.877925259794884,0.0727118214246917,0.021779143095635237,1160,954,49.97,0.0,101.34,0.56,44.08,49946.15059999999
240,2024-02-18,2,3,-0.0345132743362832,4.0,2.0,2.6013582672391333,15.18347975458226,-0.0470488522728187,0.00490257970852255,1169,1130,51.76,0.0,101.34,0.56,44.08,49946.15059999999
241,2024-02-19,2,1,-0.1624513618677043,2.0,2.0,2.106627361794815,38.53889421803856,0.0919468820973948,0.14375337587162296,1195,1028,49.71,0.0,101.34,0.56,44.08,49946.15059999999
242,2024-02-20,2,1,-0.1373471307619944,2.0,2.0,2.072961092858633,25.35643536574573,0.1326002487701366,0.07477433812503549,1209,1063,45.37,0.0,101.34,0.56,44.08,49946.15059999999
243,2024-02-21,2,4,-0.0262489415749365,1.0,3.0,-2.02801141898993,26.95008162547007,0.1183905599803662,0.20633149085807145,1212,1181,55.11,0.0,101.34,0.56,44.08,49946.15059999999
244,2024-02-22,2,1,-0.1278962001853567,4.0,1.0,6.45699469434936,5.131108611948072,-0.2196109156985924,-0.16420036517702205,1217,1079,52.44,115.23,101.34,0.56,44.08,49946.15059999999
245,2024-02-23,2,3,-0.0441306266548984,3.0,1.0,6.238855776110463,29.53323957844576,0.0148713277203856,-0.028094508919913386,1183,1133,46.52,107.96,101.34,0.56,44.08,49946.15059999999
246,2024-02-24,2,7,0.0164835164835165,2.0,3.0,0.5599072223873915,18.38372495353205,0.0891512321419152,0.0831704313824998,1074,1092,57.2,0.0,101.34,0.56,44.08,49946.15059999999
247,2024-02-25,2,6,0.0077519379844961,1.0,3.0,-1.399272983407542,35.83717973516891,0.2246271490642195,0.23464332398411367,1152,1161,50.57,0.0,101.34,0.56,44.08,49946.15059999999
248,2024-02-26,2,8,0.0338835794960903,3.0,1.0,4.563194629358276,45.21090232377702,0.0947020915918342,0.10543998575580929,1112,1151,55.59,52.11,101.34,0.56,44.08,49946.15059999999
249,2024-02-27,2,5,-0.0110552763819096,2.0,4.0,1.2726360905608016,10.398513359594933,0.0189221336136506,0.019381098208365116,1006,995,59.2,0.0,101.34,0.56,44.08,49946.15059999999
250,2024-02-28,2,10,0.0890829694323144,3.0,2.0,3.425859489962339,8.905453043324062,-0.0550024062369229,-0.05317779610472848,1043,1145,56.42,14.2,101.34,0.56,44.08,49946.15059999999
251,2024-02-29,2,9,0.058765915768854,4.0,2.0,2.042014748564714,2.039325133464457,0.0217923478372312,-0.04809420453530721,961,1021,61.7,0.0,101.98,0.56,44.08,49946.15059999999
252,2024-03-01,2,10,0.1207056638811513,3.0,1.0,5.07461625321056,12.846307324255193,-0.0967651249061234,-0.08174420911289229,947,1077,50.05,69.15,101.98,0.56,44.08,49946.15059999999
253,2024-03-02,2,1,-0.1242672919109026,3.0,2.0,5.084247430968018,9.269618265744246,-0.1030795135522722,-0.10102300190730537,959,853,58.46,69.47,101.98,0.56,44.08,49946.15059999999
254,2024-03-03,2,9,0.0571428571428571,2.0,3.0,0.8232078646092473,20.392565993565157,0.1696354500200205,0.08593265229196738,957,1015,53.24,0.0,101.98,0.56,44.08,49946.15059999999
255,2024-03-04,2,10,0.132636655948553,4.0,3.0,-1.150091866185166,12.83149774599396,0.0987355460846462,0.10501985663600037,1079,1244,52.53,0.0,101.98,0.56,44.08,49946.15059999999
256,2024-03-05,2,3,-0.0477673935617861,2.0,4.0,-1.748815192005246,9.576010788275704,0.2094476987937842,0.10570697093188822,1009,963,54.22,0.0,101.98,0.56,44.08,49946.15059999999
257,2024-03-06,2,5,-0.0161290322580645,4.0,1.0,4.831138137321616,30.96877704191777,0.0153230323136359,0.021781656439617714,945,930,55.78,61.04,101.98,0.56,44.08,49946.15059999999
258,2024-03-07,2,2,-0.0807522123893804,3.0,4.0,-0.5665777733520869,0.9317965327282244,0.0898939094405074,0.02432588905183256,977,904,57.84,0.0,101.98,0.56,44.08,49946.15059999999
259,2024-03-08,2,4,-0.0274509803921567,3.0,2.0,1.4795509371039373,21.496619297270158,-0.0157115316680433,0.07209340866507581,1048,1020,51.95,0.0,101.98,0.56,44.08,49946.15059999999
260,2024-03-09,2,2,-0.0901001112347053,4.0,3.0,1.2110578846484756,8.910874092172747,0.0193269727314897,0.013331130952808967,980,899,62.5,0.0,101.98,0.56,44.08,49946.15059999999
261,2024-03-10,2,3,-0.0333692142088266,3.0,3.0,2.842298111191361,25.865527573049462,-0.0284803874056575,0.05438461004257304,960,929,60.55,0.0,101.98,0.56,44.08,49946.15059999999
262,2024-03-11,2,10,0.0867959372114496,1.0,4.0,-2.808839417539521,35.77892320083346,0.3007648350255032,0.2766439890134397,989,1083,50.76,0.0,101.98,0.56,44.08,49946.15059999999
263,2024-03-12,2,1,-0.1540469973890339,2.0,4.0,3.5663357903814856,10.45352619863891,-0.1072331619479382,-0.04917519617724424,884,766,66.11,18.88,101.98,0.56,44.08,49946.15059999999
264,2024-03-13,2,9,0.0535077288941736,2.0,2.0,4.571673071502617,21.61549360909727,-0.0047409002374196,-0.020089512031572568,796,841,68.37,52.39,101.98,0.56,44.08,49946.15059999999
265,2024-03-14,2,2,-0.0590551181102361,3.0,2.0,3.265266261133984,17.6818929859977,-0.0161277842162848,-0.0017606654305517416,807,762,65.01,8.84,101.98,0.56,44.08,49946.15059999999
266,2024-03-15,2,3,-0.0329024676850764,4.0,2.0,2.067341484904585,3.008664006853552,-0.099752400802262,-0.04370791251241338,879,851,58.43,0.0,101.98,0.56,44.08,49946.15059999999
267,2024-03-16,2,8,0.0349075975359343,4.0,1.0,3.2922004988063502,18.61181264612908,-0.0790905498808095,0.0023680870865802756,940,974,54.2,9.74,101.98,0.56,44.08,49946.15059999999
268,2024-03-17,2,2,-0.0906666666666666,2.0,2.0,4.19713903692039,19.33680757918218,-0.0453878783168655,-0.020945605176679635,818,750,65.05,39.9,101.98,0.56,44.08,49946.15059999999
269,2024-03-18,2,2,-0.0589711417816813,1.0,4.0,-5.31777826927995,21.19306230669262,0.3428945753680683,0.2745123941829588,844,797,57.98,0.0,101.98,0.56,44.08,49946.15059999999
270,2024-03-19,2,6,0.0,4.0,1.0,8.867736924752084,12.024016547699317,-0.2018508038990306,-0.1999654347613079,756,756,66.33,195.59,101.98,0.56,44.08,49946.15059999999
271,2024-03-20,2,7,0.0199750312109863,3.0,2.0,4.170279968063779,16.412884504652197,0.0121576605232679,-0.03566336810167324,785,801,61.49,39.01,101.98,0.56,44.08,49946.15059999999
272,2024-03-21,2,1,-0.1577464788732394,4.0,3.0,1.04277425283894,-2.214164172647031,-0.0421206433258348,-0.04068373725297443,822,710,65.55,0.0,101.98,0.56,44.08,49946.15059999999
273,2024-03-22,2,4,-0.0299625468164794,3.0,3.0,1.8271398744371967,9.628288867802148,0.0418178665392918,-0.0013524023610218053,825,801,62.67,0.0,101.98,0.56,44.08,49946.15059999999
274,2024-03-23,2,1,-0.2434108527131782,3.0,1.0,4.481225332047565,23.33944019564697,-0.0991226772343228,-0.00822166321212943,802,645,64.64,49.37,101.98,0.56,44.08,49946.15059999999
275,2024-03-24,2,9,0.0437788018433179,1.0,3.0,2.6516881828969003,28.387108309972955,0.0485288570862749,0.0734938326860233,830,868,61.39,0.0,101.98,0.56,44.08,49946.15059999999
276,2024-03-25,2,1,-0.2854671280276817,1.0,4.0,-3.092053403344483,8.665277638120939,0.1783741596739111,0.14119065767026373,743,578,70.48,0.0,101.98,0.56,44.08,49946.15059999999
277,2024-03-26,2,7,0.0227272727272727,3.0,1.0,9.193478584077958,16.570710441499266,-0.1817265955883454,-0.18560325032417185,688,704,62.41,206.45,101.98,0.56,44.08,49946.15059999999
278,2024-03-27,2,1,-0.3084291187739463,2.0,3.0,2.668378028302582,18.420799876861008,0.0140666504562803,0.02007878498165179,683,522,64.01,0.0,101.98,0.56,44.08,49946.15059999999
279,2024-03-28,2,10,0.1498028909329829,3.0,1.0,6.060518135147399,18.022199200566494,-0.1001066073755843,-0.08385699241995888,647,761,71.64,102.02,101.98,0.56,44.08,49946.15059999999
280,2024-03-29,2,1,-0.1625183016105418,4.0,2.0,0.9238504566468264,23.11160377950585,0.1481591752797743,0.09734791037488638,794,683,55.71,0.0,101.98,0.56,44.08,49946.15059999999
281,2024-03-30,2,9,0.0443037974683544,4.0,1.0,7.609131162737393,-12.271164455753542,-0.2585357771376674,-0.2911770535547271,755,790,56.31,153.64,101.98,0.56,44.08,49946.15059999999
282,2024-03-31,2,1,-0.1167883211678832,3.0,3.0,3.859031066676839,14.26013894778641,-0.033551061319252,-0.037750391431826666,765,685,67.74,28.63,103.16,0.56,44.08,49946.15059999999
283,2024-04-01,2,4,-0.0279805352798052,4.0,1.0,4.826531503426352,18.585504018701474,-0.0090626347354658,-0.043826529941683,845,822,57.25,60.88,103.16,0.56,44.08,49946.15059999999
284,2024-04-02,2,7,0.0179257362355953,3.0,3.0,-0.1357600984408642,-0.0049552343055818,0.0341877530407131,0.006420845016899388,767,781,73.05,0.0,103.16,0.56,44.08,49946.15059999999
285,2024-04-03,2,10,0.0718711276332094,3.0,1.0,6.633435869048102,40.10978560516065,0.0264420760143332,0.01621566967964505,749,807,61.49,121.11,103.16,0.56,44.08,49946.15059999999
286,2024-04-04,2,6,0.0110429447852761,4.0,1.0,5.069454493604365,17.42338900857252,0.0235237940714826,-0.05728819125647325,806,815,60.04,68.98,103.16,0.56,44.08,49946.15059999999
287,2024-04-05,2,8,0.0361613351877607,3.0,1.0,6.905538688694995,38.45107117543394,-0.0031141040882461,-0.0007584553473647115,693,719,73.61,130.18,103.16,0.56,44.08,49946.15059999999
288,2024-04-06,2,9,0.0421216848673946,2.0,4.0,1.1157373210752632,3.1421546725038425,-0.0006258192291909,-0.01443553686441765,614,641,71.62,0.0,103.16,0.56,44.08,49946.15059999999
289,2024-04-07,2,6,0.0,3.0,4.0,1.5569186446176368,1.3904981771200955,-0.0677888588313378,-0.03697822958461511,574,574,73.78,0.0,103.16,0.56,44.08,49946.15059999999
290,2024-04-08,2,1,-0.2607709750566893,4.0,1.0,9.911750093051824,18.36378331448523,-0.1772043246827185,-0.19764314759582324,556,441,69.2,230.39,103.16,0.56,44.08,49946.15059999999
291,2024-04-09,2,5,-0.0179738562091502,2.0,4.0,-0.1800474681646418,-10.18032544242985,0.0345277780837291,-0.04627386324524527,623,612,60.58,0.0,103.16,0.56,44.08,49946.15059999999
292,2024-04-10,2,4,-0.0196779964221824,3.0,3.0,2.5921508979650376,18.2244838593914,-0.0126206859355009,0.021324541422035576,570,559,74.66,0.0,103.16,0.56,44.08,49946.15059999999
293,2024-04-11,2,8,0.0381355932203389,4.0,2.0,6.410674087808086,16.45828848004377,-0.1528870733403305,-0.10267064260824611,681,708,63.99,113.69,103.16,0.56,44.08,49946.15059999999
294,2024-04-12,2,1,-0.5238095238095237,2.0,2.0,3.2931749031445667,30.23497922313152,0.1098039809686005,0.06404966952750321,640,420,69.57,9.77,103.16,0.56,44.08,49946.15059999999
