data/data_demo.csv
,Date,ProductID,Low_Stock_Priority,Low_Stock_Risk,Demand_Priority,Profitability_Priority,cp,price_market,a,pred_s3,OrderQuantity,Inventory,Temperature,Rainfall,CPI,Female,Age,Income
295,2024-04-13,2,1,-0.1750902527075812,4.0,2.0,4.7488610392598805,25.515620117476452,-0.0118283161235783,-0.004701113269330814,651,554,70.51,58.3,103.16,0.56,44.08,49946.15059999999
296,2024-04-14,2,10,0.2471794871794872,3.0,2.0,1.8016529122113745,8.73783975172449,-0.0009568725348075,-0.005315035932281824,734,975,65.22,0.0,103.16,0.56,44.08,49946.15059999999
297,2024-04-15,2,8,0.0343406593406593,4.0,2.0,4.110167663542557,-1.462449821553669,-0.1236526088716266,-0.12876445819388807,703,728,69.29,37.01,103.16,0.56,44.08,49946.15059999999
298,2024-04-16,2,1,-0.1184433164128595,2.0,4.0,-0.9195805552059496,40.68457832014945,0.2341272333429906,0.24598100643656778,661,591,71.06,0.0,103.16,0.56,44.08,49946.15059999999
299,2024-04-17,2,1,-0.1501706484641638,4.0,1.0,7.974392038854564,3.1182746915227497,-0.1641650694541421,-0.22043374697533308,674,586,68.55,165.81,103.16,0.56,44.08,49946.15059999999
300,2024-04-18,2,10,0.1224489795918367,4.0,2.0,2.6455078646142907,-0.6828683560419861,-0.1184447715193737,-0.08066176446328543,731,833,61.39,0.0,103.16,0.56,44.08,49946.15059999999
301,2024-04-19,2,1,-0.5419222903885481,4.0,3.0,0.9594653880094488,-1.2728408919216785,-0.0828179395291473,-0.03318534971739719,754,489,68.6,0.0,103.16,0.56,44.08,49946.15059999999
302,2024-04-20,2,8,0.0315186246418338,2.0,1.0,4.999149246095743,31.759579733049968,0.0240701266264544,0.020937190395164312,676,698,73.97,66.64,103.16,0.56,44.08,49946.15059999999
303,2024-04-21,2,10,0.1535714285714285,2.0,3.0,1.6178406378343402,7.216496933627219,-0.088539037663717,-0.007874931079854534,711,840,64.08,0.0,103.16,0.56,44.08,49946.15059999999
304,2024-04-22,2,2,-0.0771558245083208,4.0,3.0,-1.0027754142082603,3.694433007290987,-0.0211028001678102,0.05208658190814981,712,661,67.03,0.0,103.16,0.56,44.08,49946.15059999999
305,2024-04-23,2,5,-0.0040376850605652,1.0,4.0,-1.0401525173926665,17.065347388550208,0.208785164846327,0.12419864485076276,746,743,65.82,0.0,103.16,0.56,44.08,49946.15059999999
306,2024-04-24,2,1,-0.098471986417657,3.0,2.0,5.081319458070397,11.895829341640637,-0.0439243816146977,-0.08699178334760412,647,589,77.47,69.38,103.16,0.56,44.08,49946.15059999999
307,2024-04-25,2,10,0.1694915254237288,3.0,2.0,2.521279685561199,4.828568088206296,-0.0459558143481328,-0.04767104759314106,637,767,71.81,0.0,103.16,0.56,44.08,49946.15059999999
308,2024-04-26,2,1,-0.4161358811040339,2.0,3.0,2.5988953209946826,26.3098720046772,0.1216806378334568,0.06404981680052196,667,471,70.7,0.0,103.16,0.56,44.08,49946.15059999999
309,2024-04-27,2,10,0.1343669250645994,3.0,2.0,6.233231417928788,30.979732381469923,-0.0706617792989137,-0.020245828224852186,670,774,65.04,107.77,103.16,0.56,44.08,49946.15059999999
310,2024-04-28,2,1,-0.164855072463768,1.0,4.0,-0.3804774262702306,29.77976263409801,0.1447720249367635,0.17190223321486092,643,552,71.81,0.0,103.16,0.56,44.08,49946.15059999999
311,2024-04-29,2,1,-0.1423948220064725,1.0,3.0,0.8079667414055254,26.503795044917982,0.1420685869364543,0.11883645762963206,706,618,65.96,0.0,103.16,0.56,44.08,49946.15059999999
312,2024-04-30,2,10,0.1095541401273885,2.0,3.0,1.8453605724561737,21.039382966950527,0.0990604028775495,0.058685554655015265,699,785,69.71,0.0,103.81,0.56,44.08,49946.15059999999
313,2024-05-01,2,6,0.0079470198675496,4.0,1.0,3.283054767951222,-11.638319999427434,-0.1234712911583825,-0.15796429663831196,749,755,66.6,9.44,103.81,0.56,44.08,49946.15059999999
314,2024-05-02,2,4,-0.0256410256410255,1.0,3.0,2.8734856461282634,40.03876209565453,-0.0063257279977299,0.12869837139479945,720,702,73.38,0.0,103.81,0.56,44.08,49946.15059999999
315,2024-05-03,2,1,-0.2264150943396226,3.0,2.0,2.139338422830277,19.529838155363294,-0.0096563909456601,0.04184680782528101,650,530,73.11,0.0,103.81,0.56,44.08,49946.15059999999
316,2024-05-04,2,2,-0.0718954248366012,3.0,2.0,2.815120793713058,24.12234641400962,0.0666417544639257,0.045945307953580636,656,612,69.4,0.0,103.81,0.56,44.08,49946.15059999999
317,2024-05-05,2,1,-0.1091854419410744,1.0,4.0,2.678084171126476,31.724434844211032,0.0668382427771735,0.09042037686368747,640,577,72.65,0.0,103.81,0.56,44.08,49946.15059999999
318,2024-05-06,2,3,-0.0393343419062026,1.0,3.0,0.8411868343446214,36.500287543229874,0.2869597873924585,0.17091364988211488,687,661,65.42,0.0,103.81,0.56,44.08,49946.15059999999
319,2024-05-07,2,6,0.0027137042062415,2.0,3.0,0.561021034337768,21.275970169637887,0.1379991769350867,0.09849278448884106,735,737,63.65,0.0,103.81,0.56,44.08,49946.15059999999
320,2024-05-08,2,5,-0.0056022408963585,3.0,1.0,3.8235490731718182,21.5331923894348,0.0295106819292963,0.0019294393534703969,718,714,73.53,27.45,103.81,0.56,44.08,49946.15059999999
321,2024-05-09,2,8,0.0276564774381368,2.0,3.0,0.3272547510134163,6.011635838104208,-0.0339524315251908,0.024466715503440487,668,687,72.39,0.0,103.81,0.56,44.08,49946.15059999999
322,2024-05-10,2,10,0.0791476407914764,2.0,4.0,-0.4720657775725607,15.496346267081403,0.0899347361272929,0.0988164927561917,605,657,74.95,0.0,103.81,0.56,44.08,49946.15059999999
323,2024-05-11,2,10,0.1317157712305026,3.0,2.0,2.0631232466229203,2.1875810877846824,-0.0337693472555707,-0.04794066877652812,501,577,83.92,0.0,103.81,0.56,44.08,49946.15059999999
324,2024-05-12,2,1,-0.2860824742268042,4.0,2.0,2.526998951508552,4.200892017871579,0.0076376709535085,-0.05117523676037771,499,388,76.94,0.0,103.81,0.56,44.08,49946.15059999999
325,2024-05-13,2,1,-0.1413043478260869,4.0,1.0,9.770170491894628,1.5963839652871314,-0.2205262990916323,-0.28241653641914305,525,460,67.88,225.67,103.81,0.56,44.08,49946.15059999999
326,2024-05-14,2,1,-0.1,2.0,4.0,0.8858991724312988,12.659641635040687,0.0911424910731243,0.04299450785283972,517,470,78.25,0.0,103.81,0.56,44.08,49946.15059999999
327,2024-05-15,2,1,-1.1603053435114503,2.0,2.0,5.829782174908484,30.736397818800157,-0.0547475125939368,-0.009427710690300461,566,262,66.31,94.33,103.81,0.56,44.08,49946.15059999999
328,2024-05-16,2,1,-0.2465753424657535,1.0,2.0,5.241565002613895,62.56462159935269,0.2376668728385059,0.17721384874479926,546,438,70.8,74.72,103.81,0.56,44.08,49946.15059999999
329,2024-05-17,2,3,-0.0386029411764705,4.0,3.0,-0.5668348656112085,17.8424945632187,0.0370623114378438,0.11411750543765718,565,544,72.99,0.0,103.81,0.56,44.08,49946.15059999999
330,2024-05-18,2,10,0.0779467680608364,3.0,2.0,5.319758932207799,-5.226196316341799,-0.2008799597668354,-0.18505475400054058,485,526,82.12,77.33,103.81,0.56,44.08,49946.15059999999
331,2024-05-19,2,1,-0.1255319148936169,1.0,4.0,-0.5516419205799532,33.97474994784384,0.2078582802627399,0.19931238656464004,529,470,70.05,0.0,103.81,0.56,44.08,49946.15059999999
332,2024-05-20,2,2,-0.0745967741935484,1.0,4.0,-4.977516713990223,10.488241852859591,0.1853170976693672,0.20746394276339472,533,496,69.87,0.0,103.81,0.56,44.08,49946.15059999999
333,2024-05-21,2,10,0.1440129449838187,4.0,2.0,4.818958573078142,5.09087109034512,-0.1587783274904819,-0.11524621765317852,529,618,73.73,60.63,103.81,0.56,44.08,49946.15059999999
334,2024-05-22,2,9,0.0532445923460898,1.0,4.0,-2.2676717503131583,18.14774216884583,0.1141560285728409,0.16679098215792101,569,601,71.13,0.0,103.81,0.56,44.08,49946.15059999999
335,2024-05-23,2,2,-0.084070796460177,4.0,2.0,4.352803385417745,-3.6093689933434128,-0.216338055900866,-0.14744611345851513,490,452,80.3,45.09,103.81,0.56,44.08,49946.15059999999
336,2024-05-24,2,1,-0.2890995260663507,2.0,2.0,0.9479673067883504,18.336947460129103,0.0927403846609312,0.07127394867494755,544,422,69.49,0.0,103.81,0.56,44.08,49946.15059999999
337,2024-05-25,2,6,0.0,4.0,1.0,7.978652388569616,13.674367152012676,-0.0910019888677783,-0.16451620866361893,521,521,69.37,165.96,103.81,0.56,44.08,49946.15059999999
338,2024-05-26,2,2,-0.0732673267326733,4.0,1.0,6.205528197948027,16.475668602232133,-0.0953961217014524,-0.09642064622343777,542,505,73.14,106.85,103.81,0.56,44.08,49946.15059999999
339,2024-05-27,2,9,0.0423011844331641,2.0,2.0,1.639842588445837,20.72124381313756,0.0386731858385332,0.0631653488180789,566,591,73.07,0.0,103.81,0.56,44.08,49946.15059999999
340,2024-05-28,2,10,0.2063732928679817,1.0,4.0,0.936487166913953,16.012383858612104,-0.0187758678038546,0.059276744016307996,523,659,85.43,0.0,103.81,0.56,44.08,49946.15059999999
341,2024-05-29,2,2,-0.0700934579439251,2.0,4.0,-0.642232209282362,15.245071261693388,0.1408679543809819,0.10259016573683359,458,428,80.75,0.0,103.81,0.56,44.08,49946.15059999999
342,2024-05-30,2,10,0.2516233766233766,1.0,3.0,1.677232103122226,19.264717784969168,0.1609263066993981,0.054309926357140076,461,616,76.66,0.0,103.81,0.56,44.08,49946.15059999999
343,2024-05-31,2,10,0.0853858784893267,2.0,2.0,2.1589335144464727,21.231009392566904,-0.0431678816600115,0.050290657160587324,557,609,70.32,0.0,104.61,0.56,44.08,49946.15059999999
344,2024-06-01,2,1,-0.3638888888888889,2.0,4.0,1.905919366824944,-0.4722369047288648,-0.1078985737024731,-0.05734375098255702,491,360,80.89,0.0,104.61,0.56,44.08,49946.15059999999
345,2024-06-02,2,1,-0.3073170731707317,4.0,1.0,3.470111565817092,-6.449868880281727,-0.1623921203714944,-0.13603202707040196,536,410,71.89,15.67,104.61,0.56,44.08,49946.15059999999
346,2024-06-03,2,1,-0.1205273069679848,4.0,2.0,4.735564493186635,14.07542921741678,-0.0894345552062663,-0.06504135862309102,595,531,69.39,57.85,104.61,0.56,44.08,49946.15059999999
347,2024-06-04,2,10,0.0711538461538461,4.0,2.0,4.048963370979521,-6.491032349011622,-0.1334588386253106,-0.15362556441559005,483,520,83.27,34.97,104.61,0.56,44.08,49946.15059999999
348,2024-06-05,2,1,-0.2446236559139785,2.0,3.0,0.707568228280671,16.312972063825065,0.1434654272912779,0.0677439548278023,463,372,79.14,0.0,104.61,0.56,44.08,49946.15059999999
349,2024-06-06,2,10,0.1968810916179337,1.0,4.0,-1.3133744214047356,29.08120313523465,0.233610363818511,0.19619548839894876,412,513,82.38,0.0,104.61,0.56,44.08,49946.15059999999
350,2024-06-07,2,10,0.2304526748971193,3.0,1.0,7.093595544307414,24.10667507874069,-0.0507074307081883,-0.08256186911255398,374,486,79.59,136.45,104.61,0.56,44.08,49946.15059999999
351,2024-06-08,2,1,-3.773333333333333,3.0,2.0,0.9316524463501872,-0.7225561023820966,-0.0648954842126458,-0.02942888340347439,358,75,82.51,0.0,104.61,0.56,44.08,49946.15059999999
352,2024-06-09,2,10,0.3914473684210526,3.0,2.0,1.0431192001949428,2.096063220637218,-0.073708433186295,-0.01780981874268278,370,608,75.19,0.0,104.61,0.56,44.08,49946.15059999999
353,2024-06-10,2,1,-0.6298932384341638,2.0,2.0,1.4364320630966674,19.924519425011333,0.0205637340430349,0.06504093425975131,458,281,73.5,0.0,104.61,0.56,44.08,49946.15059999999
354,2024-06-11,2,1,-0.2231638418079096,1.0,4.0,-2.529208650469945,8.980532922997348,0.1941238468970821,0.1259699253985018,433,354,82.3,0.0,104.61,0.56,44.08,49946.15059999999
355,2024-06-12,2,1,-0.3342541436464088,3.0,2.0,1.56607798787854,10.250170574218396,0.0053135041375978,0.009785463018681648,483,362,75.09,0.0,104.61,0.56,44.08,49946.15059999999
356,2024-06-13,2,10,0.2762645914396887,2.0,2.0,1.561032557976157,23.95359721871931,0.0547172617871331,0.08269245480982594,558,771,75.89,0.0,104.61,0.56,44.08,49946.15059999999
357,2024-06-14,2,8,0.0381125226860253,4.0,1.0,4.861074895030537,0.1906995981352146,-0.1433443855826786,-0.14252685405407023,530,551,77.28,62.04,104.61,0.56,44.08,49946.15059999999
358,2024-06-15,2,2,-0.0582329317269076,4.0,1.0,5.095371447322008,8.981479351332265,-0.0555320927864315,-0.10288671844964384,527,498,79.87,69.85,104.61,0.56,44.08,49946.15059999999
359,2024-06-16,2,2,-0.0942622950819671,3.0,2.0,3.011312667258808,2.9987628587309807,-0.1339654241170813,-0.07209500099688494,534,488,78.23,0.38,104.61,0.56,44.08,49946.15059999999
360,2023-12-20,3,10,0.1840607210626186,3.0,1.0,5.019894951403786,0.4292181132883534,0.0007369757674641,-0.016598532259271305,430,527,42.22,0.0,100.93,0.56,44.08,49946.15059999999
361,2023-12-21,3,10,0.0970377936670071,1.0,2.0,3.952953665192336,15.774621693464116,0.1012940333532734,0.09108670279903885,884,979,45.34,0.0,100.93,0.56,44.08,49946.15059999999
362,2023-12-22,3,6,0.0111376292760541,2.0,3.0,4.482784504894669,9.518203894824216,0.0800354384088681,0.04672792016974976,1243,1257,51.87,62.52,100.93,0.56,44.08,49946.15059999999
363,2023-12-23,3,8,0.0286831812255541,4.0,2.0,3.428039519255802,0.2083937116492507,0.0022298320695215,-0.010439666559670744,1490,1534,50.23,0.0,100.93,0.56,44.08,49946.15059999999
364,2023-12-24,3,7,0.0172317954419122,2.0,2.0,2.815451457899649,6.688983924070035,0.0663346932640228,0.03581439388480469,1768,1799,36.22,0.0,100.93,0.56,44.08,49946.15059999999
365,2023-12-25,3,9,0.0421362077413033,2.0,2.0,3.196799389318101,-7.388073071221779,-0.0666269584328724,-0.060105032285454524,1955,2041,46.08,5.22,100.93,0.56,44.08,49946.15059999999
366,2023-12-26,3,6,0.0019685039370078,2.0,4.0,0.6159660055899794,1.6668719241633436,-0.0287469692856515,0.012795982805433394,2028,2032,40.8,0.0,100.93,0.56,44.08,49946.15059999999
367,2023-12-27,3,6,0.0068058076225044,1.0,2.0,4.841325115948888,30.49574534867287,0.1400474562502349,0.1852212219298988,2189,2204,41.26,154.3,100.93,0.56,44.08,49946.15059999999
368,2023-12-28,3,5,-0.016030174446016,1.0,3.0,1.0206291672112575,8.097561503342494,0.0026701982757479,0.05383757645472147,2155,2121,44.05,0.0,100.93,0.56,44.08,49946.15059999999
369,2023-12-29,3,5,-0.0178823529411764,2.0,1.0,6.52489379222091,16.316589270303925,0.0139395283834781,0.08237366806560595,2163,2125,42.94,26.71,100.93,0.56,44.08,49946.15059999999
370,2023-12-30,3,2,-0.0828460038986353,2.0,2.0,3.251624259517153,8.34511624855517,-0.0102294081086549,0.04479193796489701,2222,2052,49.72,0.0,100.93,0.56,44.08,49946.15059999999
371,2023-12-31,3,2,-0.0600961538461537,3.0,1.0,4.1484849449502725,12.481692352418088,0.1556927281131684,0.06813910728316978,2205,2080,46.47,0.0,100.93,0.56,44.08,49946.15059999999
372,2024-01-01,3,3,-0.0418429713211094,2.0,1.0,5.4815103288428695,15.63258089679174,0.1207252978161399,0.08280605575197904,2216,2127,43.5,52.33,100.93,0.56,44.08,49946.15059999999
373,2024-01-02,3,6,-0.0009350163627863,4.0,1.0,5.929943395188784,-2.0461659752647083,-0.0742242483370304,-0.03750865478789472,2141,2139,45.33,0.0,100.93,0.56,44.08,49946.15059999999
374,2024-01-03,3,4,-0.0293432696786213,2.0,3.0,-0.7118702259003582,8.69063742726041,0.0458741784210492,0.06611107045129275,2210,2147,45.0,77.18,100.93,0.56,44.08,49946.15059999999
375,2024-01-04,3,3,-0.0374306839186691,1.0,3.0,3.379288971508085,24.788651944164883,0.1632519952969364,0.15408747709936105,2245,2164,51.03,82.35,100.93,0.56,44.08,49946.15059999999
376,2024-01-05,3,2,-0.0722838137472283,1.0,2.0,6.640536736242346,1.04499449946709,-0.05766497365916,-0.02025562178505098,2418,2255,42.75,216.32,100.93,0.56,44.08,49946.15059999999
377,2024-01-06,3,8,0.029363784665579,2.0,4.0,-1.0943174582967634,3.335601462677808,0.0331966403889447,0.03215254469071506,2380,2452,45.57,133.65,100.93,0.56,44.08,49946.15059999999
378,2024-01-07,3,7,0.0173160173160172,3.0,1.0,5.16184142618519,5.923087226329983,0.0555326103485295,0.01944143600271138,2270,2310,39.95,0.0,100.93,0.56,44.08,49946.15059999999
379,2024-01-08,3,5,-0.0141552511415525,3.0,3.0,-2.766692688206568,11.690240731762469,0.0948780118859614,0.09601560752543753,2221,2190,31.68,0.0,100.93,0.56,44.08,49946.15059999999
380,2024-01-09,3,7,0.0199306759098787,2.0,3.0,0.9324794690931896,14.249178636458826,0.1128826402428454,0.09537748819139244,2262,2308,47.93,109.97,100.93,0.56,44.08,49946.15059999999
381,2024-01-10,3,9,0.0491596638655462,1.0,2.0,4.1158916555205645,21.674116548186568,0.1764639345276839,0.12973717568513585,2263,2380,49.21,65.53,100.93,0.56,44.08,49946.15059999999
382,2024-01-11,3,5,-0.0176678445229681,2.0,4.0,-0.9701453069658612,13.994982334686592,0.090209015076725,0.10280380739445755,2304,2264,41.4,64.01,100.93,0.56,44.08,49946.15059999999
383,2024-01-12,3,7,0.015521064301552,2.0,3.0,1.0434677869475482,8.379468742016659,0.068678472216097,0.05561229317072336,2220,2255,56.68,0.0,100.93,0.56,44.08,49946.15059999999
384,2024-01-13,3,6,0.0053643272239606,2.0,3.0,-0.4155050223907608,21.59167129610814,0.1387503445405427,0.1509195685808943,2225,2237,38.28,0.0,100.93,0.56,44.08,49946.15059999999
385,2024-01-14,3,2,-0.0620420127015144,2.0,1.0,8.944404796622678,16.04111022141582,0.0671393040750765,0.06892793680995665,2174,2047,46.01,0.0,100.93,0.56,44.08,49946.15059999999
386,2024-01-15,3,4,-0.0199805068226119,3.0,1.0,4.492683266462002,-5.956795162570163,-0.0793974957244491,-0.056753745157202704,2093,2052,45.06,27.99,100.93,0.56,44.08,49946.15059999999
387,2024-01-16,3,10,0.0820467578297309,1.0,1.0,5.701870833558008,34.26368240355998,0.185892929979324,0.20627859822884723,2081,2267,53.89,0.0,100.93,0.56,44.08,49946.15059999999
388,2024-01-17,3,5,-0.0128141941843271,2.0,3.0,3.3319746984545366,26.69921388196734,0.1799202163308498,0.167084514470184,2055,2029,53.79,91.02,100.93,0.56,44.08,49946.15059999999
389,2024-01-18,3,8,0.028584817244611,1.0,2.0,2.9397047537284027,7.317857772329259,0.0658537464285734,0.039421815254549825,2073,2134,47.44,31.72,100.93,0.56,44.08,49946.15059999999
390,2024-01-19,3,7,0.0133825565297646,2.0,4.0,-0.8494225659530974,12.77910101738475,0.1020160422515109,0.0940979024716723,2138,2167,48.78,78.63,100.93,0.56,44.08,49946.15059999999
391,2024-01-20,3,4,-0.0210371819960861,3.0,1.0,3.1244879117564115,22.24358749995839,0.1660190208565232,0.13829845732783297,2087,2044,42.67,0.0,100.93,0.56,44.08,49946.15059999999
392,2024-01-21,3,3,-0.0376797223599405,2.0,1.0,1.7155233645651302,7.277992073031173,0.006471738676331,0.04502676499380619,2093,2017,37.43,0.0,100.93,0.56,44.08,49946.15059999999
393,2024-01-22,3,4,-0.0318021201413427,3.0,1.0,6.573771772877009,16.303517903770192,0.0220690068520173,0.08205187141636518,2044,1981,45.82,0.0,100.93,0.56,44.08,49946.15059999999
