data/data_demo.csv
,Date,ProductID,Low_Stock_Priority,Low_Stock_Risk,Demand_Priority,Profitability_Priority,cp,price_market,a,pred_s3,OrderQuantity,Inventory,Temperature,Rainfall,CPI,Female,Age,Income
394,2024-01-23,3,7,0.019108280254777,1.0,1.0,7.42330559997272,20.045784735714765,0.1250561402985199,0.10299048426684111,2002,2041,48.56,0.0,100.93,0.56,44.08,49946.15059999999
395,2024-01-24,3,6,0.0076481835564053,2.0,1.0,8.399736146722532,-1.1482590773444097,-0.0146424247162857,-0.0433526887776345,2076,2092,54.15,37.92,100.93,0.56,44.08,49946.15059999999
396,2024-01-25,3,3,-0.0434782608695651,3.0,2.0,6.557655818383696,2.976681464171379,-0.0084586455127276,-0.006946801202212721,2184,2093,54.23,225.93,100.93,0.56,44.08,49946.15059999999
397,2024-01-26,3,6,-0.0027322404371583,3.0,2.0,2.2040381892310417,18.21408397810581,0.1848801859218214,0.11578009384705658,2202,2196,46.51,0.0,100.93,0.56,44.08,49946.15059999999
398,2024-01-27,3,5,-0.0040650406504065,2.0,2.0,0.6523090421188167,13.608144771488304,0.1383804080892189,0.09243659848287285,2223,2214,47.16,0.0,100.93,0.56,44.08,49946.15059999999
399,2024-01-28,3,2,-0.0536975977390485,2.0,1.0,6.299989544935258,18.237965603139468,0.23119435353575,0.0962947441586392,2237,2123,43.65,0.0,100.93,0.56,44.08,49946.15059999999
400,2024-01-29,3,9,0.0403260403260403,3.0,1.0,5.068878452416866,7.674319853462819,0.0193354210123721,0.031592463497637155,2237,2331,42.01,0.0,100.93,0.56,44.08,49946.15059999999
401,2024-01-30,3,3,-0.0449236298292901,3.0,3.0,-1.3056153520310918,6.10994789045767,0.0003552721885907,0.05170957535521012,2326,2226,40.8,48.15,100.93,0.56,44.08,49946.15059999999
402,2024-01-31,3,8,0.0397065170479067,4.0,2.0,5.066445378231308,-10.986394755833729,-0.1382438297189683,-0.09312323363335798,2225,2317,59.31,0.0,101.34,0.56,44.08,49946.15059999999
403,2024-02-01,3,3,-0.0493531384762817,4.0,1.0,6.443559467463599,-2.460004265074433,-0.0767127175115718,-0.04273813290129595,2190,2087,47.23,6.33,101.34,0.56,44.08,49946.15059999999
404,2024-02-02,3,4,-0.0210477081384472,1.0,1.0,4.17677676754489,9.470660946584935,0.0702123119602758,0.047877817448787496,2183,2138,47.81,15.65,101.34,0.56,44.08,49946.15059999999
405,2024-02-03,3,4,-0.0298368298368298,2.0,2.0,3.4448389869719755,17.245572195642364,-0.0034086177634261,0.10335548505029246,2209,2145,43.96,23.22,101.34,0.56,44.08,49946.15059999999
406,2024-02-04,3,2,-0.0538423886441508,2.0,3.0,1.577054537150933,14.311783665356952,0.1592247638762858,0.09270443089857934,2153,2043,54.33,0.0,101.34,0.56,44.08,49946.15059999999
407,2024-02-05,3,2,-0.0652503793626706,1.0,3.0,-0.3396040986901631,7.71758025972298,0.0447562527543944,0.05782174044909987,2106,1977,42.6,0.0,101.34,0.56,44.08,49946.15059999999
408,2024-02-06,3,7,0.0241411327762303,4.0,1.0,6.4008938480200825,6.282284335093033,0.0006318432161132,0.0158995585183171,2102,2154,49.83,0.0,101.34,0.56,44.08,49946.15059999999
409,2024-02-07,3,10,0.0911392405063291,2.0,1.0,3.0726566656848737,11.1717963263828,0.0098721326550054,0.06454370200363782,2154,2370,46.63,0.0,101.34,0.56,44.08,49946.15059999999
410,2024-02-08,3,9,0.0495905368516833,2.0,1.0,3.299600015368922,9.782111810921522,0.047265505027097,0.0541666498755277,2089,2198,53.27,0.0,101.34,0.56,44.08,49946.15059999999
411,2024-02-09,3,6,-0.0009469696969697,1.0,1.0,9.1981635607574,23.04545514939712,0.1169893566253695,0.11452758330677085,2114,2112,49.0,41.61,101.34,0.56,44.08,49946.15059999999
412,2024-02-10,3,9,0.0420906567992599,3.0,1.0,6.053503320577571,10.4644077047825,0.0378860909505757,0.04551883269375777,2071,2162,45.87,0.0,101.34,0.56,44.08,49946.15059999999
413,2024-02-11,3,3,-0.0472124560522351,2.0,2.0,5.112475003843306,-5.812459621972984,-0.0482966295759058,-0.05876165379380594,2085,1991,51.86,78.12,101.34,0.56,44.08,49946.15059999999
414,2024-02-12,3,10,0.0946173254835996,3.0,2.0,4.426185415561707,-3.7255813503231696,-0.0766915986276222,-0.04152147711779654,2153,2378,54.36,149.45,101.34,0.56,44.08,49946.15059999999
415,2024-02-13,3,4,-0.0219990435198469,3.0,1.0,8.559984582297318,24.1875933696358,0.0827224426554226,0.1252224127314216,2137,2091,52.78,0.0,101.34,0.56,44.08,49946.15059999999
416,2024-02-14,3,6,0.0068274920345926,4.0,1.0,9.158767922248582,-2.7116046145008035,-0.0363586653878495,-0.05744248207053829,2182,2197,54.18,42.63,101.34,0.56,44.08,49946.15059999999
417,2024-02-15,3,2,-0.0678776290630975,2.0,1.0,6.788515334438584,16.644974530335336,0.0885056177309442,0.08330420038286578,2234,2092,49.72,67.69,101.34,0.56,44.08,49946.15059999999
418,2024-02-16,3,2,-0.0565944881889763,2.0,1.0,5.746673774193773,6.316272647906188,0.0263395924242428,0.019264500617722925,2147,2032,51.3,0.0,101.34,0.56,44.08,49946.15059999999
419,2024-02-17,3,7,0.0191868433074463,2.0,4.0,-2.2838092136184347,7.302417060975145,0.1164873282170165,0.06437159157520961,2147,2189,49.97,0.0,101.34,0.56,44.08,49946.15059999999
420,2024-02-18,3,5,-0.0061963775023832,3.0,1.0,4.371165742700519,7.658672172315799,-0.0183733430703262,0.034834239951403945,2111,2098,51.76,0.0,101.34,0.56,44.08,49946.15059999999
421,2024-02-19,3,9,0.0515926424405562,3.0,1.0,3.609679137418888,21.213849594591984,0.0886865286125062,0.12908866528409088,2114,2229,49.71,0.0,101.34,0.56,44.08,49946.15059999999
422,2024-02-20,3,7,0.0236363636363636,4.0,1.0,4.281859688156706,7.071581714560353,0.0919527561025886,0.03133848314553437,2148,2200,45.37,0.0,101.34,0.56,44.08,49946.15059999999
423,2024-02-21,3,8,0.0311371841155234,3.0,1.0,6.829138261967554,8.66680717154847,-0.0466222089877006,0.02978365768668242,2147,2216,55.11,0.0,101.34,0.56,44.08,49946.15059999999
424,2024-02-22,3,2,-0.0782178217821782,3.0,4.0,-4.219031501568669,-6.308034973994927,-0.0875316946266718,-0.01731835032806802,2178,2020,52.44,115.23,101.34,0.56,44.08,49946.15059999999
425,2024-02-23,3,4,-0.0270518110958275,1.0,2.0,2.292063839589445,11.066905117080031,0.1079011081808628,0.06758648781672844,2240,2181,46.52,107.96,101.34,0.56,44.08,49946.15059999999
426,2024-02-24,3,7,0.0235613955595831,3.0,1.0,4.809713064822284,14.310425069780596,0.0890344197654546,0.07719089577796724,2155,2207,57.2,0.0,101.34,0.56,44.08,49946.15059999999
427,2024-02-25,3,7,0.0180221811460258,3.0,1.0,2.599463361841712,11.39145580653787,0.0730044806895203,0.06828142239577659,2125,2164,50.57,0.0,101.34,0.56,44.08,49946.15059999999
428,2024-02-26,3,4,-0.031614785992218,2.0,4.0,-0.2507183393787784,22.97896261086736,0.1585233595679462,0.15940181180830174,2121,2056,55.59,52.11,101.34,0.56,44.08,49946.15059999999
429,2024-02-27,3,1,-0.1055642225689028,1.0,1.0,6.606890460690386,9.551713547802317,0.0363909198825427,0.03676427496374976,2126,1923,59.2,0.0,101.34,0.56,44.08,49946.15059999999
430,2024-02-28,3,3,-0.0343968095712861,1.0,1.0,4.830615717538384,11.989774561190176,0.0561697376060415,0.061579520305389095,2075,2006,56.42,14.2,101.34,0.56,44.08,49946.15059999999
431,2024-02-29,3,2,-0.0532241555783008,1.0,4.0,1.086686288666546,25.48504010268179,0.2417339844051607,0.16973786886669937,2058,1954,61.7,0.0,101.98,0.56,44.08,49946.15059999999
432,2024-03-01,3,4,-0.0294117647058822,2.0,2.0,4.944451613547471,-6.500141893581478,-0.0891306577603114,-0.06255221816461098,2170,2108,50.05,69.15,101.98,0.56,44.08,49946.15059999999
433,2024-03-02,3,5,-0.0061845861084681,1.0,1.0,6.464757136149387,4.441746522006311,-0.0083002368405917,0.00329118693722099,2115,2102,58.46,69.47,101.98,0.56,44.08,49946.15059999999
434,2024-03-03,3,4,-0.0181395348837209,1.0,1.0,4.0158779388980825,23.261587520192663,0.2334741632081119,0.14082744445883374,2189,2150,53.24,0.0,101.98,0.56,44.08,49946.15059999999
435,2024-03-04,3,5,-0.0049616599007669,3.0,1.0,6.40169441029299,18.361291483110826,0.0988960534318026,0.09663125255669033,2228,2217,52.53,0.0,101.98,0.56,44.08,49946.15059999999
436,2024-03-05,3,2,-0.0657114624505927,3.0,1.0,4.234780525484984,15.783800988404703,0.2019135237676668,0.08979636076269606,2157,2024,54.22,0.0,101.98,0.56,44.08,49946.15059999999
437,2024-03-06,3,5,-0.0061465721040188,1.0,2.0,2.814313052036937,17.326507394644786,0.1029650014513811,0.10692057633495972,2128,2115,55.78,61.04,101.98,0.56,44.08,49946.15059999999
438,2024-03-07,3,4,-0.0182079540009583,1.0,3.0,0.5217384508002612,12.27066209121022,0.1526566915074781,0.08412316691919121,2125,2087,57.84,0.0,101.98,0.56,44.08,49946.15059999999
439,2024-03-08,3,6,-0.0029126213592232,2.0,1.0,3.742207699085162,25.31597427532272,0.0767335795163493,0.155871447271007,2066,2060,51.95,0.0,101.98,0.56,44.08,49946.15059999999
440,2024-03-09,3,7,0.01280834914611,2.0,1.0,4.582878814137315,12.777591697307178,0.075210970851247,0.06803344817709542,2081,2108,62.5,0.0,101.98,0.56,44.08,49946.15059999999
441,2024-03-10,3,5,-0.007313505607021,4.0,1.0,6.627498284761993,11.398671058952786,-0.0315704721686872,0.04901041575396485,2066,2051,60.55,0.0,101.98,0.56,44.08,49946.15059999999
442,2024-03-11,3,8,0.0344186046511627,3.0,1.0,3.65467759453832,10.589586741256433,0.0990764345463327,0.05786075492311174,2076,2150,50.76,0.0,101.98,0.56,44.08,49946.15059999999
443,2024-03-12,3,1,-0.1440217391304348,1.0,1.0,5.372246818662973,10.92863955550386,-0.010004148015239,0.05188917493511385,2105,1840,66.11,18.88,101.98,0.56,44.08,49946.15059999999
444,2024-03-13,3,3,-0.0346761856195818,3.0,3.0,1.106163958798815,-2.570172808158679,-0.0083335517319375,-0.017875315238136045,2029,1961,68.37,52.39,101.98,0.56,44.08,49946.15059999999
445,2024-03-14,3,3,-0.0343955488113303,1.0,3.0,1.6521125325174246,16.706730544633434,0.0955767573153251,0.10835215413690198,2045,1977,65.01,8.84,101.98,0.56,44.08,49946.15059999999
446,2024-03-15,3,5,-0.018,3.0,1.0,3.6688321029193367,7.695602662166727,-0.021385101138631,0.03844960937828169,2036,2000,58.43,0.0,101.98,0.56,44.08,49946.15059999999
447,2024-03-16,3,3,-0.0382293762575451,2.0,2.0,0.8361146080449586,27.21915097860406,0.1063854846651265,0.18253037713905387,2064,1988,54.2,9.74,101.98,0.56,44.08,49946.15059999999
448,2024-03-17,3,4,-0.0323061630218688,1.0,1.0,6.460743511974044,8.243495294115771,0.0008487263199346,0.02872115271161302,2077,2012,65.05,39.9,101.98,0.56,44.08,49946.15059999999
449,2024-03-18,3,4,-0.0237974683544304,3.0,1.0,5.389390987955821,13.209182841756563,0.1535487972472834,0.06704999565720589,2022,1975,57.98,0.0,101.98,0.56,44.08,49946.15059999999
450,2024-03-19,3,9,0.0432759422987436,2.0,2.0,4.8372872931773605,11.466021862613344,0.0424014638279377,0.05804678295558151,2056,2149,66.33,195.59,101.98,0.56,44.08,49946.15059999999
451,2024-03-20,3,5,-0.0093688362919133,1.0,1.0,5.016712375647834,2.7444296489074667,0.0409885227699059,-0.0011084995441146411,2047,2028,61.49,39.01,101.98,0.56,44.08,49946.15059999999
452,2024-03-21,3,7,0.0134744947064484,3.0,1.0,10.063130684454393,18.92136828518506,0.080281781190914,0.0828138252225232,2050,2078,65.55,0.0,101.98,0.56,44.08,49946.15059999999
453,2024-03-22,3,6,0.0019559902200488,1.0,2.0,2.5934074360996133,28.050636405600176,0.2282237563432257,0.17965967223621307,2041,2045,62.67,0.0,101.98,0.56,44.08,49946.15059999999
454,2024-03-23,3,5,-0.0098765432098766,1.0,4.0,-2.604323856501674,8.852227803401552,-0.0153583550089066,0.0762677060972199,2045,2025,64.64,49.37,101.98,0.56,44.08,49946.15059999999
455,2024-03-24,3,1,-0.1234906695938529,3.0,1.0,4.597900590689395,5.995212144145777,-0.0001824332869032,0.022628284778686475,2047,1822,61.39,0.0,101.98,0.56,44.08,49946.15059999999
456,2024-03-25,3,3,-0.0504374678332475,2.0,2.0,3.8481893771150015,5.449712689446259,0.0673773181302097,0.022577950970178475,2041,1943,70.48,0.0,101.98,0.56,44.08,49946.15059999999
457,2024-03-26,3,8,0.0261315912272515,1.0,3.0,2.44744287246879,-9.923618933173415,-0.0888652943362167,-0.07345844684567318,2087,2143,62.41,206.45,101.98,0.56,44.08,49946.15059999999
458,2024-03-27,3,5,-0.0145509282488709,1.0,4.0,1.0635104219236906,7.221868562969874,0.0419127636956183,0.04777881794565838,2022,1993,64.01,0.0,101.98,0.56,44.08,49946.15059999999
459,2024-03-28,3,10,0.0660334690185436,2.0,3.0,2.682431434593556,11.50998116008324,0.0466346153533252,0.06867570956809611,2065,2211,71.64,102.02,101.98,0.56,44.08,49946.15059999999
460,2024-03-29,3,8,0.0363636363636363,3.0,1.0,4.544015287653464,19.54757925180283,0.1725819474927087,0.11347013365583755,2014,2090,55.71,0.0,101.98,0.56,44.08,49946.15059999999
461,2024-03-30,3,8,0.0368349249658935,2.0,2.0,2.4915498980723854,18.60047741149928,0.1336213100878803,0.1169837683024551,2118,2199,56.31,153.64,101.98,0.56,44.08,49946.15059999999
462,2024-03-31,3,2,-0.0717846460618145,2.0,1.0,11.237361038631246,4.835009175633076,-0.0191406271549572,-0.016970593013038576,2150,2006,67.74,28.63,103.16,0.56,44.08,49946.15059999999
463,2024-04-01,3,10,0.0754141238012205,2.0,2.0,1.118486855100556,6.231770052261117,0.0711826833572896,0.04089736700382776,2121,2294,57.25,60.88,103.16,0.56,44.08,49946.15059999999
464,2024-04-02,3,10,0.0712264150943395,1.0,2.0,1.620647911876985,20.239053056144392,0.1639813782895226,0.13211294733351844,1969,2120,73.05,0.0,103.16,0.56,44.08,49946.15059999999
465,2024-04-03,3,1,-0.1160466407551359,2.0,4.0,-2.8658601200435854,7.265361029271209,0.0768161801269932,0.06691553925292086,2010,1801,61.49,121.11,103.16,0.56,44.08,49946.15059999999
466,2024-04-04,3,9,0.0438024231127679,2.0,2.0,4.754453245064611,3.899704602443831,0.081877240841326,0.007871151049825616,2052,2146,60.04,68.98,103.16,0.56,44.08,49946.15059999999
467,2024-04-05,3,4,-0.0230576441102756,2.0,3.0,-2.04921988339928,22.925184494342723,0.1687080141954395,0.1676683219135967,2041,1995,73.61,130.18,103.16,0.56,44.08,49946.15059999999
468,2024-04-06,3,3,-0.0531215772179627,1.0,2.0,2.381636099876496,19.37585667050634,0.1386268685925591,0.12269353575211568,1923,1826,71.62,0.0,103.16,0.56,44.08,49946.15059999999
469,2024-04-07,3,9,0.04004004004004,1.0,2.0,3.1729883963183294,9.187917917742578,0.0173028557749618,0.05080233871960747,1918,1998,73.78,0.0,103.16,0.56,44.08,49946.15059999999
470,2024-04-08,3,5,-0.0038295835327908,2.0,3.0,1.8708161024593355,3.062225522213325,0.020587259493503,0.016103959408985208,2097,2089,69.2,230.39,103.16,0.56,44.08,49946.15059999999
471,2024-04-09,3,7,0.0210772833723653,3.0,1.0,9.216618032363533,-11.11880319244709,-0.0435266363216789,-0.11391327479036362,2090,2135,60.58,0.0,103.16,0.56,44.08,49946.15059999999
472,2024-04-10,3,2,-0.0544041450777201,1.0,1.0,6.983183173946497,14.89703605574724,0.0382004564310612,0.07068739468438233,2035,1930,74.66,0.0,103.16,0.56,44.08,49946.15059999999
473,2024-04-11,3,7,0.0156695156695156,3.0,1.0,7.957410628904727,0.036302774478198,-0.0952125750050991,-0.033313652736187103,2073,2106,63.99,113.69,103.16,0.56,44.08,49946.15059999999
474,2024-04-12,3,6,0.0092322643343051,4.0,3.0,1.3527435443502442,-10.62732009140752,-0.030316976220613,-0.07291156404226926,2039,2058,69.57,9.77,103.16,0.56,44.08,49946.15059999999
475,2024-04-13,3,4,-0.0221535291087069,1.0,1.0,7.385782193543705,24.84820527349018,0.1305702183350287,0.13526961393594286,1984,1941,70.51,58.3,103.16,0.56,44.08,49946.15059999999
476,2024-04-14,3,3,-0.0502354788069074,2.0,1.0,5.488002839031887,15.479677910098882,0.0867179414240212,0.08175291982007217,2007,1911,65.22,0.0,103.16,0.56,44.08,49946.15059999999
477,2024-04-15,3,1,-0.1155836687751581,3.0,1.0,6.3142178460305365,-2.3900819311696537,-0.049557327933007,-0.04165042782135513,1940,1739,69.29,37.01,103.16,0.56,44.08,49946.15059999999
478,2024-04-16,3,10,0.0834942084942085,4.0,1.0,7.088316486348301,-3.1440138295925912,-0.0524935930424128,-0.05040240080635952,1899,2072,71.06,0.0,103.16,0.56,44.08,49946.15059999999
479,2024-04-17,3,9,0.0538720538720538,2.0,3.0,1.2737102621228409,17.709617821716193,0.161125307617571,0.1168702973600391,1967,2079,68.55,165.81,103.16,0.56,44.08,49946.15059999999
480,2024-04-18,3,3,-0.0474934036939314,3.0,1.0,2.7270471370662954,0.2202938346412981,-0.053049388372806,-0.006998031895299996,1985,1895,61.39,0.0,103.16,0.56,44.08,49946.15059999999
481,2024-04-19,3,10,0.0728764478764478,2.0,1.0,6.587788033985353,21.961498675278836,0.0712028463517506,0.11980233253013,1921,2072,68.6,0.0,103.16,0.56,44.08,49946.15059999999
482,2024-04-20,3,2,-0.053627760252366,1.0,4.0,-3.966857278924799,15.164593126261552,0.1312348451303402,0.12499424176175924,2004,1902,73.97,66.64,103.16,0.56,44.08,49946.15059999999
483,2024-04-21,3,10,0.1173135630178805,1.0,1.0,8.539984247719616,14.365965205668235,-0.021460149271412,0.05967102283386051,2024,2293,64.08,0.0,103.16,0.56,44.08,49946.15059999999
484,2024-04-22,3,2,-0.0532700421940928,3.0,1.0,5.6593961926227525,13.046954556143003,-0.0046209758722091,0.06467067210090734,1997,1896,67.03,0.0,103.16,0.56,44.08,49946.15059999999
485,2024-04-23,3,9,0.0514393581878244,2.0,1.0,3.862888118019296,10.914508720239118,0.1514212778681587,0.059033900769941694,2010,2119,65.82,0.0,103.16,0.56,44.08,49946.15059999999
486,2024-04-24,3,2,-0.0919864559819412,1.0,3.0,4.66152296727152,17.805111991771106,0.1402015856091103,0.10125997232807946,1935,1772,77.47,69.38,103.16,0.56,44.08,49946.15059999999
487,2024-04-25,3,9,0.044168734491315,2.0,3.0,0.91019415007307,4.459196374843948,0.0271605802800915,0.030048577290454858,1926,2015,71.81,0.0,103.16,0.56,44.08,49946.15059999999
488,2024-04-26,3,3,-0.0373303167420815,3.0,1.0,2.950169906232686,9.859519734343849,0.1171661354071655,0.056359975167710505,1834,1768,70.7,0.0,103.16,0.56,44.08,49946.15059999999
489,2024-04-27,3,7,0.0141414141414141,1.0,1.0,7.300853014661121,16.519465876771957,0.0281020345598408,0.08000803584243271,1952,1980,65.04,107.77,103.16,0.56,44.08,49946.15059999999
490,2024-04-28,3,2,-0.0952380952380953,2.0,1.0,7.894065916978663,14.629897185861278,0.0481587945468427,0.06453308117181042,1932,1764,71.81,0.0,103.16,0.56,44.08,49946.15059999999
491,2024-04-29,3,9,0.04541015625,3.0,1.0,12.08867215769074,-2.949868052686604,-0.0489197566860408,-0.07308741034123055,1955,2048,65.96,0.0,103.16,0.56,44.08,49946.15059999999
492,2024-04-30,3,1,-0.1247203579418345,3.0,1.0,3.7782260011587545,3.995903326957361,0.0546137773544774,0.01319631325574409,2011,1788,69.71,0.0,103.81,0.56,44.08,49946.15059999999
