data/data_demo.csv
,Date,ProductID,Low_Stock_Priority,Low_Stock_Risk,Demand_Priority,Profitability_Priority,cp,price_market,a,pred_s3,OrderQuantity,Inventory,Temperature,Rainfall,CPI,Female,Age,Income
493,2024-05-01,3,2,-0.0706733444629938,1.0,3.0,2.024341099584989,11.528035054191545,0.0972203822228046,0.07195270925828862,1924,1797,66.6,9.44,103.81,0.56,44.08,49946.15059999999
494,2024-05-02,3,5,-0.0102197240674501,2.0,4.0,2.457298102180033,4.919852909601032,-0.1039094605281041,0.02570737538354733,1977,1957,73.38,0.0,103.81,0.56,44.08,49946.15059999999
495,2024-05-03,3,5,-0.0122950819672131,2.0,4.0,0.9458743741379054,26.74658560973333,0.1350926215142149,0.17884534270837452,1976,1952,73.11,0.0,103.81,0.56,44.08,49946.15059999999
496,2024-05-04,3,9,0.0514918190567853,4.0,1.0,3.766435732177448,5.068468052458871,0.0415005023241681,0.020421835441551708,1971,2078,69.4,0.0,103.81,0.56,44.08,49946.15059999999
497,2024-05-05,3,6,0.0081466395112016,2.0,1.0,5.148197290036805,7.377815524233092,0.0091061475671072,0.029230213607215404,1948,1964,72.65,0.0,103.81,0.56,44.08,49946.15059999999
498,2024-05-06,3,3,-0.0351706036745407,3.0,1.0,3.8972731584041385,16.69430178177304,0.2253853277183491,0.09750085708541502,1972,1905,65.42,0.0,103.81,0.56,44.08,49946.15059999999
499,2024-05-07,3,2,-0.0734246575342465,3.0,1.0,7.289040536997396,12.305327432349156,0.0970200043898119,0.05189758131834199,1959,1825,63.65,0.0,103.81,0.56,44.08,49946.15059999999
500,2024-05-08,3,6,0.0096495683087861,2.0,2.0,3.2973525959663905,7.547255427952308,0.0652481190467675,0.039239750646228075,1950,1969,73.53,27.45,103.81,0.56,44.08,49946.15059999999
501,2024-05-09,3,7,0.0181441161223432,4.0,1.0,2.95764804250431,1.435064711192517,-0.0595902649215101,1.5434864342786514e-05,1894,1929,72.39,0.0,103.81,0.56,44.08,49946.15059999999
502,2024-05-10,3,7,0.0232558139534884,3.0,3.0,2.256194569419024,12.015140573967662,0.0720601741905327,0.07409648637107903,1890,1935,74.95,0.0,103.81,0.56,44.08,49946.15059999999
503,2024-05-11,3,8,0.0312837108953614,1.0,3.0,-0.8979035787034855,19.39096440378393,0.1532864669309525,0.1385238205326499,1796,1854,83.92,0.0,103.81,0.56,44.08,49946.15059999999
504,2024-05-12,3,5,-0.0074285714285713,2.0,4.0,-0.703303172925362,13.790952240982286,0.1574423630578929,0.10016025315389078,1763,1750,76.94,0.0,103.81,0.56,44.08,49946.15059999999
505,2024-05-13,3,2,-0.0614464382816748,2.0,3.0,0.4625262080869365,1.2181647854387778,0.0512710773126183,0.010532771613458888,1952,1839,67.88,225.67,103.81,0.56,44.08,49946.15059999999
506,2024-05-14,3,5,-0.0116022099447514,1.0,1.0,7.904284214994282,26.367749569767103,0.1977022856393956,0.14293934302470623,1831,1810,78.25,0.0,103.81,0.56,44.08,49946.15059999999
507,2024-05-15,3,8,0.0276073619631901,3.0,1.0,6.68578081866979,-5.465778900358943,-0.1168849571863616,-0.0639903340368092,1902,1956,66.31,94.33,103.81,0.56,44.08,49946.15059999999
508,2024-05-16,3,7,0.0176589303733601,3.0,1.0,8.12489219917897,-6.826856418027891,-0.0168048710071585,-0.07998997016666677,1947,1982,70.8,74.72,103.81,0.56,44.08,49946.15059999999
509,2024-05-17,3,3,-0.0504338394793926,3.0,2.0,0.0033650362164947,18.605572244572283,0.06220064291556,0.12895163685023298,1937,1844,72.99,0.0,103.81,0.56,44.08,49946.15059999999
510,2024-05-18,3,3,-0.0523094045631609,1.0,4.0,-1.9058740693580605,11.2584047860269,0.0625424757656705,0.08900058346226586,1891,1797,82.12,77.33,103.81,0.56,44.08,49946.15059999999
511,2024-05-19,3,5,-0.0058231868713605,3.0,2.0,2.0198310395977512,3.5050145369595977,0.0369745033080105,0.018348836614286764,1900,1889,70.05,0.0,103.81,0.56,44.08,49946.15059999999
512,2024-05-20,3,1,-0.1046931407942237,3.0,1.0,4.527456859888084,-1.9857072755532956,-0.0430318148149704,-0.03037795543369349,1836,1662,69.87,0.0,103.81,0.56,44.08,49946.15059999999
513,2024-05-21,3,5,-0.006989247311828,1.0,1.0,5.4960708247294825,32.20799839280298,0.1486737917299538,0.19352555648834577,1873,1860,73.73,60.63,103.81,0.56,44.08,49946.15059999999
514,2024-05-22,3,9,0.0628683693516699,2.0,1.0,7.143916467904159,10.17090872155442,-0.0046007125687964,0.038327266908603996,1908,2036,71.13,0.0,103.81,0.56,44.08,49946.15059999999
515,2024-05-23,3,5,-0.0118406889128095,2.0,1.0,4.852839012421644,14.342011708457717,-0.0002828292453563,0.07719517906270404,1880,1858,80.3,45.09,103.81,0.56,44.08,49946.15059999999
516,2024-05-24,3,6,0.0095389507154213,3.0,1.0,9.228006341966893,12.178850972381817,0.0667106570471978,0.041752564122045435,1869,1887,69.49,0.0,103.81,0.56,44.08,49946.15059999999
517,2024-05-25,3,3,-0.0349794238683127,3.0,2.0,3.3321829571550383,13.34807957731158,0.1408040845075133,0.07784514195041368,2012,1944,69.37,165.96,103.81,0.56,44.08,49946.15059999999
518,2024-05-26,3,4,-0.0230532786885246,1.0,2.0,1.260762345874611,14.40094460524806,0.090483125337295,0.09481737696661276,1997,1952,73.14,106.85,103.81,0.56,44.08,49946.15059999999
519,2024-05-27,3,9,0.0407352210630899,1.0,4.0,-1.0436546464833008,16.32424009754876,0.1004705131645866,0.11872502518767697,1931,2013,73.07,0.0,103.81,0.56,44.08,49946.15059999999
520,2024-05-28,3,9,0.0526854219948849,2.0,3.0,1.3330859257136505,5.247775992393273,-0.0425471441051398,0.0332911369507903,1852,1955,85.43,0.0,103.81,0.56,44.08,49946.15059999999
521,2024-05-29,3,9,0.0519612837493632,3.0,2.0,4.726353882955369,6.0835801364815545,0.0656133877532029,0.02260284562883578,1861,1963,80.75,0.0,103.81,0.56,44.08,49946.15059999999
522,2024-05-30,3,7,0.0149333333333333,3.0,4.0,1.3338392279391078,-8.410228083589015,0.046024423937156,-0.058001953279389055,1847,1875,76.66,0.0,103.81,0.56,44.08,49946.15059999999
523,2024-05-31,3,7,0.0119825708061002,4.0,1.0,6.810227390605771,1.1969559349846062,-0.1145452356264814,-0.020053787605832978,1814,1836,70.32,0.0,104.61,0.56,44.08,49946.15059999999
524,2024-06-01,3,4,-0.0210466439135381,1.0,1.0,8.23698311811233,11.711127964467147,-0.0113786667470219,0.0433794635259099,1795,1758,80.89,0.0,104.61,0.56,44.08,49946.15059999999
525,2024-06-02,3,7,0.0229943791517629,1.0,4.0,-3.108760715679809,19.450233755026908,0.1187157877363802,0.14952367178898346,1912,1957,71.89,15.67,104.61,0.56,44.08,49946.15059999999
526,2024-06-03,3,6,-0.0010610079575597,2.0,1.0,6.592156901492944,14.99039526376184,0.0447560868547437,0.07318684086531986,1887,1885,69.39,57.85,104.61,0.56,44.08,49946.15059999999
527,2024-06-04,3,4,-0.029654036243822,2.0,4.0,-2.71881217598521,5.593076561220696,0.0651128943156449,0.05503279569988889,1875,1821,83.27,34.97,104.61,0.56,44.08,49946.15059999999
528,2024-06-05,3,7,0.0115638766519823,4.0,1.0,5.204497165270863,-3.631729120851542,0.0302678876916962,-0.0446271064866679,1795,1816,79.14,0.0,104.61,0.56,44.08,49946.15059999999
529,2024-06-06,3,10,0.0728578758337609,3.0,1.0,7.674611692580979,-18.77359145427433,-0.11835833429982,-0.1576817708533513,1807,1949,82.38,0.0,104.61,0.56,44.08,49946.15059999999
530,2024-06-07,3,8,0.039745627980922,2.0,2.0,4.194568319030728,20.51733974780799,0.1500284057782181,0.12162798376605634,1812,1887,79.59,136.45,104.61,0.56,44.08,49946.15059999999
531,2024-06-08,3,10,0.1065118626956083,2.0,4.0,0.1609324803872818,3.107710134898502,-0.014247126660577,0.024608908415385097,1770,1981,82.51,0.0,104.61,0.56,44.08,49946.15059999999
532,2024-06-09,3,7,0.0184873949579832,2.0,1.0,2.2437063871666822,4.515349937959408,-0.0345924940541402,0.02402812303933998,1752,1785,75.19,0.0,104.61,0.56,44.08,49946.15059999999
533,2024-06-10,3,4,-0.0311764705882353,3.0,1.0,3.2150636628672977,10.315739679080687,0.0172960941239132,0.058138846909914915,1753,1700,73.5,0.0,104.61,0.56,44.08,49946.15059999999
534,2024-06-11,3,6,0.0105146651909241,2.0,1.0,3.453265648630171,-5.055600473918899,0.0257478085083538,-0.04574495335556617,1788,1807,82.3,0.0,104.61,0.56,44.08,49946.15059999999
535,2024-06-12,3,3,-0.0450606585788562,2.0,1.0,3.391309477699999,5.502178198884631,0.0194715349307973,0.025119912239426133,1809,1731,75.09,0.0,104.61,0.56,44.08,49946.15059999999
536,2024-06-13,3,9,0.0512396694214876,1.0,1.0,3.670351662072058,29.23471949769974,0.1649494654904068,0.18240879729911277,1722,1815,75.89,0.0,104.61,0.56,44.08,49946.15059999999
537,2024-06-14,3,3,-0.0428134556574923,2.0,2.0,4.640440146730507,14.053869385773428,0.0669870984542618,0.07628795486135281,1705,1635,77.28,62.04,104.61,0.56,44.08,49946.15059999999
538,2024-06-15,3,10,0.0705128205128204,2.0,4.0,0.3742790388003363,12.592491565134564,0.1285069567438636,0.0869815042719762,1740,1872,79.87,69.85,104.61,0.56,44.08,49946.15059999999
539,2024-06-16,3,9,0.0566352026651859,2.0,1.0,3.273940510389341,-6.824944779817585,-0.1287867997381593,-0.05671109213897252,1699,1801,78.23,0.38,104.61,0.56,44.08,49946.15059999999
0,2023-12-20,1,10,0.2871125611745514,4.0,2.0,2.8003144167344467,-12.179523546126006,-0.2241336778244875,-0.24386927897180102,437,613,42.22,0.0,100.93,0.56,44.08,49946.15059999999
1,2023-12-21,1,10,0.1869346733668342,4.0,1.0,3.957475968211479,-13.319726037660956,-0.2916693974825584,-0.29895525717843563,809,995,45.34,0.0,100.93,0.56,44.08,49946.15059999999
2,2023-12-22,1,5,-0.008517887563884,1.0,1.0,6.481786398402916,41.08298461137888,0.2954734386636135,0.2612993820504421,1184,1174,51.87,62.52,100.93,0.56,44.08,49946.15059999999
3,2023-12-23,1,9,0.0495436766623207,3.0,1.0,5.735115980299935,30.316851052726054,0.1752493110261708,0.15927823812751432,1458,1534,50.23,0.0,100.93,0.56,44.08,49946.15059999999
4,2023-12-24,1,10,0.0797644539614561,1.0,3.0,0.0454442402471779,24.68148448499565,0.3281308842560801,0.29567787598795575,1719,1868,36.22,0.0,100.93,0.56,44.08,49946.15059999999
5,2023-12-25,1,1,-0.1604782882315922,4.0,1.0,3.9001768350511785,-2.633957931610249,-0.1709403112288948,-0.16909763138415854,1844,1589,46.08,5.22,100.93,0.56,44.08,49946.15059999999
6,2023-12-26,1,10,0.0996912218791353,4.0,1.0,1.697285583404604,-10.39478854984928,-0.2231749863276021,-0.18301348524503191,2041,2267,40.8,0.0,100.93,0.56,44.08,49946.15059999999
7,2023-12-27,1,9,0.0605940594059406,3.0,3.0,1.7935622964128843,-2.687940041433926,-0.1460396587788016,-0.0942856806586524,2372,2525,41.26,154.3,100.93,0.56,44.08,49946.15059999999
8,2023-12-28,1,3,-0.0393559928443649,4.0,2.0,2.821197003876745,-16.29700256379185,-0.3460367093166582,-0.2938636471039281,2324,2236,44.05,0.0,100.93,0.56,44.08,49946.15059999999
9,2023-12-29,1,9,0.0486743173723782,1.0,3.0,2.288087142321756,72.43000978967518,0.7191368528049742,0.786435480232236,2404,2527,42.94,26.71,100.93,0.56,44.08,49946.15059999999
10,2023-12-30,1,3,-0.0455940377027619,4.0,1.0,4.908547013925951,-46.133041209285054,-0.7826912875637102,-0.7254797712319737,2385,2281,49.72,0.0,100.93,0.56,44.08,49946.15059999999
11,2023-12-31,1,4,-0.0217485863418878,1.0,3.0,3.522075450293987,24.100213376845225,0.2514711506825523,0.16419496688261717,2349,2299,46.47,0.0,100.93,0.56,44.08,49946.15059999999
12,2024-01-01,1,2,-0.069098712446352,4.0,3.0,2.243350032985657,-22.11380744981318,-0.3074215074024297,-0.34273638432520803,2491,2330,43.5,52.33,100.93,0.56,44.08,49946.15059999999
13,2024-01-02,1,4,-0.0206896551724138,3.0,2.0,2.8877264654908514,7.391412712632684,-0.045512569740312,-0.012925660340439682,2516,2465,45.33,0.0,100.93,0.56,44.08,49946.15059999999
14,2024-01-03,1,6,0.0023006134969325,4.0,2.0,2.6673486547485337,-14.700048562343362,-0.290944769018343,-0.2692528159359671,2602,2608,45.0,77.18,100.93,0.56,44.08,49946.15059999999
15,2024-01-04,1,4,-0.0257890685142416,4.0,2.0,4.988158146315213,-19.44072406206577,-0.4062345054668141,-0.40908273362390946,2665,2598,51.03,82.35,100.93,0.56,44.08,49946.15059999999
16,2024-01-05,1,6,0.0059399021663172,4.0,4.0,1.589683472468398,-18.50490752337404,-0.3110647467635687,-0.276158865131757,2845,2862,42.75,216.32,100.93,0.56,44.08,49946.15059999999
17,2024-01-06,1,4,-0.0322003577817531,1.0,2.0,2.6261354033018027,53.87465384355146,0.5563308144624689,0.5523988093271577,2885,2795,45.57,133.65,100.93,0.56,44.08,49946.15059999999
18,2024-01-07,1,8,0.0377043710377044,1.0,4.0,0.2918085213965504,6.6752894422602,0.1094785734319921,0.07149340717701824,2884,2997,39.95,0.0,100.93,0.56,44.08,49946.15059999999
19,2024-01-08,1,4,-0.0314875135722041,4.0,4.0,-3.1059796316681574,-9.142554861952156,0.0013174717192191,0.004013538097623379,2850,2763,31.68,0.0,100.93,0.56,44.08,49946.15059999999
20,2024-01-09,1,3,-0.0429948109710895,1.0,2.0,3.307237190880721,23.894674102071825,0.1854763374862555,0.16943202128388263,2814,2698,47.93,109.97,100.93,0.56,44.08,49946.15059999999
21,2024-01-10,1,9,0.0512998266897747,3.0,3.0,3.728872397719012,10.258732864157484,0.0341899650199862,-0.00876090619857485,2737,2885,49.21,65.53,100.93,0.56,44.08,49946.15059999999
22,2024-01-11,1,3,-0.0401049475262369,1.0,3.0,0.5156699591871161,28.00084398354132,0.3048394214708492,0.3185352917497904,2775,2668,41.4,64.01,100.93,0.56,44.08,49946.15059999999
23,2024-01-12,1,6,0.0075414781297133,4.0,1.0,6.539509247975215,-35.606416398445745,-0.6474597997517385,-0.6579979994918064,2632,2652,56.68,0.0,100.93,0.56,44.08,49946.15059999999
24,2024-01-13,1,6,0.0003639010189228,1.0,4.0,-0.9087313491975296,17.590097611550036,0.2293266202655434,0.24504058214332816,2747,2748,38.28,0.0,100.93,0.56,44.08,49946.15059999999
25,2024-01-14,1,10,0.0663139329805996,1.0,2.0,2.091517034602892,29.317370927559544,0.2760873943932895,0.2778355346396082,2647,2835,46.01,0.0,100.93,0.56,44.08,49946.15059999999
26,2024-01-15,1,3,-0.0456674473067915,4.0,4.0,1.6256322999483328,-31.53995727786409,-0.452238763386657,-0.43334989710770905,2679,2562,45.06,27.99,100.93,0.56,44.08,49946.15059999999
27,2024-01-16,1,10,0.0686940966010734,3.0,2.0,5.065558428716916,21.20488211058281,0.046654989215379,0.07427929867207228,2603,2795,53.89,0.0,100.93,0.56,44.08,49946.15059999999
28,2024-01-17,1,3,-0.034059405940594,1.0,2.0,4.93871753980057,52.40453932070402,0.4607462330649788,0.45198054651895847,2611,2525,53.79,91.02,100.93,0.56,44.08,49946.15059999999
29,2024-01-18,1,8,0.0353649360421369,2.0,4.0,2.3098948513938327,9.628557416132432,0.0617137401343218,0.03452886767444577,2564,2658,47.44,31.72,100.93,0.56,44.08,49946.15059999999
30,2024-01-19,1,7,0.0140417457305502,1.0,2.0,2.7563250392043472,30.53514842562028,0.2755093019961391,0.2685875431038064,2598,2635,48.78,78.63,100.93,0.56,44.08,49946.15059999999
31,2024-01-20,1,4,-0.0277554304102976,1.0,4.0,0.2244285047397745,26.76426125777275,0.3390280568382377,0.31417745031393307,2555,2486,42.67,0.0,100.93,0.56,44.08,49946.15059999999
32,2024-01-21,1,8,0.0249255952380952,4.0,4.0,-1.961592936447854,-7.687642437764424,-0.0575309525531118,-0.019576447740559874,2621,2688,37.43,0.0,100.93,0.56,44.08,49946.15059999999
33,2024-01-22,1,4,-0.0269509251810136,2.0,3.0,1.304175701347695,10.99416836466238,0.0257929355174425,0.08688623260511041,2553,2486,45.82,0.0,100.93,0.56,44.08,49946.15059999999
34,2024-01-23,1,7,0.0219907407407407,4.0,3.0,2.31269793820796,-29.174867771540065,-0.4115033638855871,-0.4296729240423032,2535,2592,48.56,0.0,100.93,0.56,44.08,49946.15059999999
35,2024-01-24,1,2,-0.0652364273204904,4.0,2.0,4.460581361455441,-1.282575927563153,-0.1405777705844159,-0.17300800401756217,2433,2284,54.15,37.92,100.93,0.56,44.08,49946.15059999999
36,2024-01-25,1,10,0.0816746739876458,2.0,3.0,4.404759697568823,16.642199374155897,0.0446279067073842,0.043377543164623195,2676,2914,54.23,225.93,100.93,0.56,44.08,49946.15059999999
37,2024-01-26,1,3,-0.0531440162271805,1.0,3.0,1.2253463651840957,28.077512343444955,0.361219467995948,0.29403211200726376,2596,2465,46.51,0.0,100.93,0.56,44.08,49946.15059999999
38,2024-01-27,1,4,-0.0304026294165982,3.0,1.0,1.395394498849329,10.615303131197791,0.1235343755151925,0.07908748377341268,2508,2434,47.16,0.0,100.93,0.56,44.08,49946.15059999999
39,2024-01-28,1,9,0.0425855513307984,1.0,4.0,-0.0971059301341852,27.999593253579132,0.4745194745662303,0.3404695755610489,2518,2630,43.65,0.0,100.93,0.56,44.08,49946.15059999999
40,2024-01-29,1,4,-0.0198702351987023,4.0,4.0,-0.8400358743579504,-17.57265532388424,-0.1896709981095079,-0.17797782745614818,2515,2466,42.01,0.0,100.93,0.56,44.08,49946.15059999999
41,2024-01-30,1,3,-0.0506224066390041,1.0,4.0,-1.4125403812500252,7.45756813612821,0.091399831553771,0.141898405371934,2532,2410,40.8,48.15,100.93,0.56,44.08,49946.15059999999
42,2024-01-31,1,9,0.0461297888975762,3.0,1.0,5.901550790463579,10.481984612826931,-0.1226788526397413,-0.08391470312829677,2440,2558,59.31,0.0,101.34,0.56,44.08,49946.15059999999
43,2024-02-01,1,8,0.033810660302307,1.0,4.0,0.980695636496693,56.23978116699091,0.6122974407712771,0.6396250960208301,2429,2514,47.23,6.33,101.34,0.56,44.08,49946.15059999999
44,2024-02-02,1,3,-0.0339991500212495,3.0,3.0,1.1238513967776274,4.645833594997894,0.0400929220278858,0.01741721853747015,2433,2353,47.81,15.65,101.34,0.56,44.08,49946.15059999999
45,2024-02-03,1,5,-0.0141757796678816,4.0,3.0,-0.5055907200998524,-2.475415949854572,-0.118407153672723,-0.009389624529860238,2504,2469,43.96,23.22,101.34,0.56,44.08,49946.15059999999
46,2024-02-04,1,8,0.0244286840031521,3.0,1.0,3.55498071166382,10.533780596088716,0.0653536124377089,0.000757442411029069,2476,2538,54.33,0.0,101.34,0.56,44.08,49946.15059999999
47,2024-02-05,1,4,-0.0305567182921724,4.0,4.0,-1.227795695115903,-12.977836121748592,-0.1224982179939278,-0.10913300855149718,2462,2389,42.6,0.0,101.34,0.56,44.08,49946.15059999999
48,2024-02-06,1,6,-0.001258389261745,2.0,2.0,1.5745194395720623,14.818846226630404,0.109803777005533,0.12294706328114914,2387,2384,49.83,0.0,101.34,0.56,44.08,49946.15059999999
49,2024-02-07,1,8,0.0308988764044944,4.0,3.0,0.2090668776126487,0.8736195863435583,-0.0500101308591824,0.005067331578739948,2415,2492,46.63,0.0,101.34,0.56,44.08,49946.15059999999
50,2024-02-08,1,5,-0.0155038759689922,4.0,2.0,2.773804995718524,-34.783188701029594,-0.521966521830731,-0.513266799455464,2358,2322,53.27,0.0,101.34,0.56,44.08,49946.15059999999
51,2024-02-09,1,8,0.0261331155573703,2.0,4.0,0.978389724862254,8.535336221653479,0.0688639929481772,0.06914725970141236,2385,2449,49.0,41.61,101.34,0.56,44.08,49946.15059999999
