data/data_demo.csv
,Date,ProductID,Low_Stock_Priority,Low_Stock_Risk,Demand_Priority,Profitability_Priority,cp,price_market,a,pred_s3,OrderQuantity,Inventory,Temperature,Rainfall,CPI,Female,Age,Income
52,2024-02-10,1,6,0.0111019736842105,4.0,3.0,-0.3612643682448242,2.061422651745019,0.03264534269774,0.03970273926465588,2405,2432,45.87,0.0,101.34,0.56,44.08,49946.15059999999
53,2024-02-11,1,8,0.031063321385902,4.0,3.0,1.9436355433226904,-30.810582551699586,-0.4217449073828903,-0.43601701598613646,2433,2511,51.86,78.12,101.34,0.56,44.08,49946.15059999999
54,2024-02-12,1,6,-0.0003883495145631,2.0,3.0,2.856663741060835,8.321646134636955,-0.031461743160098,-0.0006871237795863516,2576,2575,54.36,149.45,101.34,0.56,44.08,49946.15059999999
55,2024-02-13,1,3,-0.0399159663865547,1.0,2.0,2.133034444766336,47.23389905186201,0.4462267605902147,0.49063581916544186,2475,2380,52.78,0.0,101.34,0.56,44.08,49946.15059999999
56,2024-02-14,1,2,-0.0662365591397848,1.0,3.0,2.6049437954795627,23.03259370689284,0.2110295543703488,0.18427696691209827,2479,2325,54.18,42.63,101.34,0.56,44.08,49946.15059999999
57,2024-02-15,1,4,-0.0239156870693149,1.0,4.0,0.7313558126380728,25.298179818278943,0.2831827212551666,0.27848483295696386,2526,2467,49.72,67.69,101.34,0.56,44.08,49946.15059999999
58,2024-02-16,1,4,-0.0229396771452845,4.0,2.0,1.2745176680257235,-23.53741813957606,-0.3174726009639704,-0.3250602642697948,2408,2354,51.3,0.0,101.34,0.56,44.08,49946.15059999999
59,2024-02-17,1,9,0.0584313725490196,1.0,3.0,0.6550791044480979,21.92245922305556,0.2934380256386335,0.24084231722259683,2401,2550,49.97,0.0,101.34,0.56,44.08,49946.15059999999
60,2024-02-18,1,4,-0.0276315789473684,2.0,3.0,1.2808936769189174,13.711239534501953,0.0682944824819081,0.1202172208999331,2343,2280,51.76,0.0,101.34,0.56,44.08,49946.15059999999
61,2024-02-19,1,5,-0.0131291028446389,1.0,3.0,0.3737074359110919,23.22613095836079,0.2234980809449869,0.2665132028637982,2315,2285,49.71,0.0,101.34,0.56,44.08,49946.15059999999
62,2024-02-20,1,3,-0.0350801212646167,1.0,4.0,-1.4525652046633537,20.56571554272064,0.3629419164219781,0.30010970825099736,2390,2309,45.37,0.0,101.34,0.56,44.08,49946.15059999999
63,2024-02-21,1,6,0.0061028770706189,4.0,2.0,2.3548522845075057,-23.994518137595342,-0.4458530677721165,-0.3692242259917081,2280,2294,55.11,0.0,101.34,0.56,44.08,49946.15059999999
64,2024-02-22,1,4,-0.0314685314685314,1.0,3.0,1.1964381275834763,8.964979711050814,3.737662305391965e-05,0.0664755781536199,2360,2288,52.44,115.23,101.34,0.56,44.08,49946.15059999999
65,2024-02-23,1,3,-0.0496632996632997,4.0,4.0,-1.2603966939320892,-8.946771510629151,-0.0200938855867448,-0.05975243832527736,2494,2376,46.52,107.96,101.34,0.56,44.08,49946.15059999999
66,2024-02-24,1,2,-0.0877671668940427,4.0,2.0,2.925564511051548,8.747897642879447,0.0125644589177995,0.0019429989146177579,2392,2199,57.2,0.0,101.34,0.56,44.08,49946.15059999999
67,2024-02-25,1,5,-0.0131690739167373,4.0,2.0,0.1854032712335156,-12.435023172545762,-0.1496331889819919,-0.15326068081426344,2385,2354,50.57,0.0,101.34,0.56,44.08,49946.15059999999
68,2024-02-26,1,10,0.0752605171748359,1.0,3.0,2.1038907915922778,42.81175917852491,0.4344180712399578,0.4387895178089037,2396,2591,55.59,52.11,101.34,0.56,44.08,49946.15059999999
69,2024-02-27,1,7,0.021093413689195,4.0,2.0,3.458181124355073,-11.474309711108557,-0.2596228596587068,-0.25899906315185156,2274,2323,59.2,0.0,101.34,0.56,44.08,49946.15059999999
70,2024-02-28,1,5,-0.0048097944905989,4.0,3.0,2.257965821514821,-12.4735539116384,-0.2345750222487921,-0.22795939424463965,2298,2287,56.42,14.2,101.34,0.56,44.08,49946.15059999999
71,2024-02-29,1,7,0.0122270742358078,3.0,1.0,4.278801369086601,11.864660163588836,0.0571112078056693,-0.009251607890299302,2262,2290,61.7,0.0,101.98,0.56,44.08,49946.15059999999
72,2024-03-01,1,8,0.0281456953642383,4.0,4.0,-0.4696516407073052,-16.92747673509987,-0.2051296681932392,-0.18352821287441454,2348,2416,50.05,69.15,101.98,0.56,44.08,49946.15059999999
73,2024-03-02,1,10,0.0910170162247724,4.0,3.0,2.8046832823550982,-0.6165825608216426,-0.1154362657085321,-0.10572929326950121,2297,2527,58.46,69.47,101.98,0.56,44.08,49946.15059999999
74,2024-03-03,1,6,0.0039543057996485,4.0,4.0,0.6303798181193736,-10.749114938449049,-0.0609606124524323,-0.14903545577540991,2267,2276,53.24,0.0,101.98,0.56,44.08,49946.15059999999
75,2024-03-04,1,2,-0.062320230105465,1.0,2.0,0.2584057016362364,45.27930159724029,0.5364244990094708,0.5344062181752992,2216,2086,52.53,0.0,101.98,0.56,44.08,49946.15059999999
76,2024-03-05,1,8,0.0294117647058823,1.0,3.0,0.8423006704711691,29.645095670779316,0.4380191433886485,0.3265013637767487,2178,2244,54.22,0.0,101.98,0.56,44.08,49946.15059999999
77,2024-03-06,1,8,0.0297798877859301,2.0,3.0,1.376894935745255,8.563262038365133,0.0489419417226047,0.055207058001452786,2248,2317,55.78,61.04,101.98,0.56,44.08,49946.15059999999
78,2024-03-07,1,3,-0.0527306967984935,4.0,1.0,2.112330684459491,0.2195736956495935,-0.0040382711697386,-0.07092896670039814,2236,2124,57.84,0.0,101.98,0.56,44.08,49946.15059999999
79,2024-03-08,1,6,-0.0018298261665141,1.0,4.0,-0.3302996815667129,33.52294036437783,0.3323988709934518,0.4148834271141156,2190,2186,51.95,0.0,101.98,0.56,44.08,49946.15059999999
80,2024-03-09,1,3,-0.0340038314176245,1.0,2.0,3.801652973908374,20.1301020080722,0.1133839400769482,0.10669687478016704,2159,2088,62.5,0.0,101.98,0.56,44.08,49946.15059999999
81,2024-03-10,1,2,-0.0571854798607658,1.0,2.0,2.93132487946092,22.45131011707142,0.0856643475867171,0.16563386608235592,2126,2011,60.55,0.0,101.98,0.56,44.08,49946.15059999999
82,2024-03-11,1,3,-0.0340136054421769,2.0,3.0,-1.0724873725544477,9.345194066393738,0.1939745895389142,0.15229453309050078,2128,2058,50.76,0.0,101.98,0.56,44.08,49946.15059999999
83,2024-03-12,1,8,0.0357474466109564,4.0,2.0,4.976504387591199,-32.205750694285804,-0.6252665570951641,-0.5613391082313728,2077,2154,66.11,18.88,101.98,0.56,44.08,49946.15059999999
84,2024-03-13,1,2,-0.0942380183091007,4.0,1.0,5.791778352061167,7.188350436011183,-0.1070553377229005,-0.11937564325117163,2032,1857,68.37,52.39,101.98,0.56,44.08,49946.15059999999
85,2024-03-14,1,9,0.0505966587112172,4.0,1.0,4.357559142319301,-3.3122479802266938,-0.2097288987207369,-0.193593341082672,1989,2095,65.01,8.84,101.98,0.56,44.08,49946.15059999999
86,2024-03-15,1,4,-0.0231335436382755,1.0,3.0,1.6401503283752985,26.12638183649692,0.1975610109572508,0.25583795219435324,1946,1902,58.43,0.0,101.98,0.56,44.08,49946.15059999999
87,2024-03-16,1,8,0.0285142571285642,1.0,4.0,-0.141505243021085,35.29606082485473,0.3486789195021387,0.42932801861804826,1942,1999,54.2,9.74,101.98,0.56,44.08,49946.15059999999
88,2024-03-17,1,10,0.0661478599221789,4.0,3.0,4.108903453862274,-6.448776119029215,-0.2498578609463979,-0.22220053294048692,1920,2056,65.05,39.9,101.98,0.56,44.08,49946.15059999999
89,2024-03-18,1,1,-0.105625717566016,2.0,2.0,1.1936461060536407,21.70963085692629,0.3055757827599509,0.21900569409036852,1926,1742,57.98,0.0,101.98,0.56,44.08,49946.15059999999
90,2024-03-19,1,8,0.0310950878774222,1.0,3.0,4.444890140764855,53.39697494214283,0.4670734014937103,0.4815389778587437,2150,2219,66.33,195.59,101.98,0.56,44.08,49946.15059999999
91,2024-03-20,1,6,-0.0004572473708275,4.0,3.0,2.4165499561537205,-6.692818014263974,-0.1204485374869088,-0.1645003253170813,2188,2187,61.49,39.01,101.98,0.56,44.08,49946.15059999999
92,2024-03-21,1,5,-0.0126520681265207,1.0,2.0,3.9532780729674255,52.04804350182844,0.4804063680120045,0.4830145578685452,2081,2055,65.55,0.0,101.98,0.56,44.08,49946.15059999999
93,2024-03-22,1,8,0.0385674931129476,4.0,1.0,2.7127327943488035,-11.314646179266177,-0.1885977960632284,-0.23038795074461477,2094,2178,62.67,0.0,101.98,0.56,44.08,49946.15059999999
94,2024-03-23,1,8,0.0297812936249418,2.0,2.0,3.413146336383896,10.573993890198786,-0.0863309103426606,0.006318823469666196,2085,2149,64.64,49.37,101.98,0.56,44.08,49946.15059999999
95,2024-03-24,1,2,-0.0899893503727369,2.0,4.0,2.021000041441641,9.721359703953969,0.0247408996130718,0.04598684124696033,2047,1878,61.39,0.0,101.98,0.56,44.08,49946.15059999999
96,2024-03-25,1,6,0.0015665796344647,4.0,1.0,5.571740987811671,10.28747249675156,-0.0286627294105404,-0.07442755276356969,1912,1915,70.48,0.0,101.98,0.56,44.08,49946.15059999999
97,2024-03-26,1,10,0.0706287683031868,4.0,4.0,2.25382418540724,-10.94195104769863,-0.2196038306887031,-0.2094925829245186,2158,2322,62.41,206.45,101.98,0.56,44.08,49946.15059999999
98,2024-03-27,1,5,-0.0168188370975492,4.0,2.0,2.803978726889403,-4.779577594110743,-0.1616209294328997,-0.15549480978920327,2116,2081,64.01,0.0,101.98,0.56,44.08,49946.15059999999
99,2024-03-28,1,8,0.0393883225208526,4.0,2.0,5.766301394112508,-6.693007158984983,-0.3084260316901597,-0.2844885553196213,2073,2158,71.64,102.02,101.98,0.56,44.08,49946.15059999999
100,2024-03-29,1,4,-0.0293386374937842,1.0,3.0,-0.6955181222848927,18.174064885111434,0.3015964001919495,0.24438785538074806,2070,2011,55.71,0.0,101.98,0.56,44.08,49946.15059999999
101,2024-03-30,1,2,-0.083929422985217,1.0,4.0,-0.5409699969714672,18.25087786275779,0.2543611719418136,0.23977074754783334,2273,2097,56.31,153.64,101.98,0.56,44.08,49946.15059999999
102,2024-03-31,1,5,-0.0084905660377359,1.0,2.0,3.938793416316022,65.64860829345648,0.6491878503428684,0.6462004977615483,2138,2120,67.74,28.63,103.16,0.56,44.08,49946.15059999999
103,2024-04-01,1,5,-0.0137551581843191,1.0,4.0,-0.3462468102283198,44.274725157278034,0.5769143143225206,0.5440494310939369,2211,2181,57.25,60.88,103.16,0.56,44.08,49946.15059999999
104,2024-04-02,1,7,0.0177458033573141,4.0,1.0,5.887242371298585,-2.746081053461978,-0.2144824515523959,-0.241614084560477,2048,2085,73.05,0.0,103.16,0.56,44.08,49946.15059999999
105,2024-04-03,1,9,0.0416855459900317,1.0,3.0,1.1727620384805053,18.12174039490465,0.1868708036754345,0.17684142964427568,2115,2207,61.49,121.11,103.16,0.56,44.08,49946.15059999999
106,2024-04-04,1,5,-0.0059360730593607,1.0,4.0,0.5050903771184845,34.927949519793984,0.4793037155108046,0.40176464536261497,2203,2190,60.04,68.98,103.16,0.56,44.08,49946.15059999999
107,2024-04-05,1,4,-0.0255707762557078,4.0,2.0,5.84588405296077,10.765045608462945,-0.0832856552869883,-0.07853525584585924,2246,2190,73.61,130.18,103.16,0.56,44.08,49946.15059999999
108,2024-04-06,1,8,0.0393592677345537,4.0,1.0,4.961029582868848,8.25896053882661,-0.0645854861189619,-0.07681391072050066,2099,2185,71.62,0.0,103.16,0.56,44.08,49946.15059999999
109,2024-04-07,1,9,0.0400195217179111,4.0,1.0,5.73511792085314,11.289373569247228,-0.1021393899873908,-0.06829655312671346,1967,2049,73.78,0.0,103.16,0.56,44.08,49946.15059999999
110,2024-04-08,1,5,-0.0175992779783393,1.0,2.0,3.8120893165507703,31.681915720210696,0.2514535345970071,0.24448644156226762,2255,2216,69.2,230.39,103.16,0.56,44.08,49946.15059999999
111,2024-04-09,1,8,0.0365546218487394,4.0,3.0,0.2775486298905949,-11.208013070130814,-0.0640998313303628,-0.14188583539063657,2293,2380,60.58,0.0,103.16,0.56,44.08,49946.15059999999
112,2024-04-10,1,3,-0.0377541142303969,4.0,2.0,5.820129906198067,1.8582632794956453,-0.2183883973586196,-0.1841407265531999,2144,2066,74.66,0.0,103.16,0.56,44.08,49946.15059999999
113,2024-04-11,1,7,0.0200873362445415,1.0,3.0,1.4639932580972392,21.760828621162048,0.152746544880521,0.2099343725569192,2244,2290,63.99,113.69,103.16,0.56,44.08,49946.15059999999
114,2024-04-12,1,4,-0.0218009478672984,1.0,1.0,3.60491279159279,17.786176788853886,0.1344952431098969,0.08570988712906924,2156,2110,69.57,9.77,103.16,0.56,44.08,49946.15059999999
115,2024-04-13,1,4,-0.0244721689059501,3.0,3.0,3.894503935547496,15.989568996409783,0.0452343786655235,0.05384891206060796,2135,2084,70.51,58.3,103.16,0.56,44.08,49946.15059999999
116,2024-04-14,1,4,-0.0242248062015504,4.0,3.0,1.6899798138183315,0.7549708424049193,-0.0459794129401123,-0.0493971056485853,2114,2064,65.22,0.0,103.16,0.56,44.08,49946.15059999999
117,2024-04-15,1,1,-0.1238457360130365,1.0,3.0,3.228158740692161,34.31339472856342,0.2942913568931766,0.2968757950312604,2069,1841,69.29,37.01,103.16,0.56,44.08,49946.15059999999
118,2024-04-16,1,5,-0.0140041493775933,1.0,2.0,3.844413343133054,63.34670618011344,0.6267176800050481,0.6220496458488688,1955,1928,71.06,0.0,103.16,0.56,44.08,49946.15059999999
119,2024-04-17,1,9,0.0597082953509571,1.0,2.0,2.752851062311259,20.16038734190516,0.1863485440358284,0.14462651503703483,2063,2194,68.55,165.81,103.16,0.56,44.08,49946.15059999999
120,2024-04-18,1,8,0.0356316520129569,1.0,4.0,-0.1988015811683889,5.170582461254003,0.0282476369271463,0.07106997209566726,2084,2161,61.39,0.0,103.16,0.56,44.08,49946.15059999999
121,2024-04-19,1,9,0.0400372439478584,1.0,2.0,2.596476348412112,28.893507222363564,0.2036602339202523,0.2546786673153671,2062,2148,68.6,0.0,103.16,0.56,44.08,49946.15059999999
122,2024-04-20,1,6,-0.0019389238972369,4.0,2.0,4.652771793374061,-3.478315918824748,-0.2039911687354778,-0.20615389634550774,2067,2063,73.97,66.64,103.16,0.56,44.08,49946.15059999999
123,2024-04-21,1,9,0.0511865984178687,4.0,4.0,0.610864280537269,-8.742258617572418,-0.2062202019827023,-0.12433377759218503,2039,2149,64.08,0.0,103.16,0.56,44.08,49946.15059999999
124,2024-04-22,1,3,-0.0332991803278688,2.0,2.0,1.7007309193446585,10.820218690342797,0.0009636343856094,0.07060138291436723,2017,1952,67.03,0.0,103.16,0.56,44.08,49946.15059999999
125,2024-04-23,1,7,0.0198640878201776,4.0,3.0,1.1296928965567252,-54.56991582424861,-0.601173776750444,-0.6910313393675553,1875,1913,65.82,0.0,103.16,0.56,44.08,49946.15059999999
126,2024-04-24,1,4,-0.0189732142857141,4.0,1.0,5.698527456958684,-18.848759091300234,-0.3924586810430452,-0.4274476203487909,1826,1792,77.47,69.38,103.16,0.56,44.08,49946.15059999999
127,2024-04-25,1,2,-0.0726256983240223,4.0,1.0,3.3445895140248707,1.300953601978854,-0.1042966028745998,-0.10213404503703659,1728,1611,71.81,0.0,103.16,0.56,44.08,49946.15059999999
128,2024-04-26,1,2,-0.0853110968569594,4.0,2.0,2.814923672482221,-23.83472145369284,-0.324453562855752,-0.38379247124447635,1692,1559,70.7,0.0,103.16,0.56,44.08,49946.15059999999
129,2024-04-27,1,8,0.0252837977296181,4.0,3.0,0.4601678511093672,-15.81607754730324,-0.2573889347118334,-0.20354106611427217,1889,1938,65.04,107.77,103.16,0.56,44.08,49946.15059999999
130,2024-04-28,1,5,-0.0126002290950744,4.0,2.0,3.0784983825836347,-0.918708436450185,-0.1366305991797059,-0.11915069834120126,1768,1746,71.81,0.0,103.16,0.56,44.08,49946.15059999999
131,2024-04-29,1,7,0.013392857142857,4.0,4.0,0.6513346786852479,-31.07413233826523,-0.3641649560206325,-0.3928797600746793,1768,1792,65.96,0.0,103.16,0.56,44.08,49946.15059999999
132,2024-04-30,1,1,-0.1588156123822341,4.0,2.0,2.0636611165487024,-0.1517949064957982,-0.0305797550021331,-0.0736273410704202,1722,1486,69.71,0.0,103.81,0.56,44.08,49946.15059999999
133,2024-05-01,1,10,0.0662683324280282,3.0,4.0,0.7283078432422381,-3.3817541133211115,-0.040154289375185,-0.0644271815078952,1719,1841,66.6,9.44,103.81,0.56,44.08,49946.15059999999
134,2024-05-02,1,5,-0.0154946364719905,3.0,2.0,3.3528665898929995,10.6351302096254,-0.1191435751050544,0.009209215632932505,1704,1678,73.38,0.0,103.81,0.56,44.08,49946.15059999999
135,2024-05-03,1,7,0.0125899280575539,1.0,1.0,3.153181633229882,38.85460076235048,0.3053365644687011,0.3538757052602265,1647,1668,73.11,0.0,103.81,0.56,44.08,49946.15059999999
136,2024-05-04,1,4,-0.0228777844671883,1.0,3.0,1.58340248884401,14.312610412321646,0.1396022399673187,0.11657413570687869,1699,1661,69.4,0.0,103.81,0.56,44.08,49946.15059999999
137,2024-05-05,1,9,0.0639913232104121,3.0,3.0,2.7920134253232907,10.52655053355159,0.0090085484386403,0.027999971886560587,1726,1844,72.65,0.0,103.81,0.56,44.08,49946.15059999999
138,2024-05-06,1,9,0.0514223194748358,2.0,4.0,-0.1861230174610115,12.486361425767791,0.2845483467757685,0.15811489233058856,1734,1828,65.42,0.0,103.81,0.56,44.08,49946.15059999999
139,2024-05-07,1,1,-0.1557755775577558,1.0,4.0,-0.9825151854112112,15.684819378028212,0.270916294259497,0.22489573468032648,1751,1515,63.65,0.0,103.81,0.56,44.08,49946.15059999999
140,2024-05-08,1,10,0.1028659160696008,4.0,3.0,2.878783402529074,-15.418466215244225,-0.259753703043044,-0.2854187793438906,1753,1954,73.53,27.45,103.81,0.56,44.08,49946.15059999999
141,2024-05-09,1,3,-0.0436363636363636,3.0,2.0,2.333346990745058,7.130616880730045,-0.0532805667853977,0.0038126585067873447,1722,1650,72.39,0.0,103.81,0.56,44.08,49946.15059999999
142,2024-05-10,1,6,0.0,1.0,2.0,3.270062873784213,17.71878104591533,0.0941382721146065,0.09689792373074568,1735,1735,74.95,0.0,103.81,0.56,44.08,49946.15059999999
143,2024-05-11,1,6,0.0018214936247723,4.0,1.0,6.766289549727884,-24.268999563576514,-0.5217542203421743,-0.5305219911249079,1644,1647,83.92,0.0,103.81,0.56,44.08,49946.15059999999
144,2024-05-12,1,3,-0.051513200257566,1.0,1.0,3.888958973980828,31.64132307039633,0.2970825352878363,0.24124751819686363,1633,1553,76.94,0.0,103.81,0.56,44.08,49946.15059999999
145,2024-05-13,1,1,-0.1156583629893237,1.0,4.0,0.1743555491116828,37.03440086145474,0.4831925654244179,0.43880518908258564,1881,1686,67.88,225.67,103.81,0.56,44.08,49946.15059999999
146,2024-05-14,1,4,-0.0311085972850677,4.0,2.0,4.234032576191706,-5.78439971123472,-0.1691885095517207,-0.21873642406768584,1823,1768,78.25,0.0,103.81,0.56,44.08,49946.15059999999
147,2024-05-15,1,4,-0.0211382113821139,1.0,4.0,-0.6318148210230423,3.966555213672386,0.025148395330398,0.0721796798591384,1884,1845,66.31,94.33,103.81,0.56,44.08,49946.15059999999
148,2024-05-16,1,5,-0.0111940298507462,4.0,3.0,1.076830790370582,-11.95475857025183,-0.1106154263814313,-0.17944692967078638,1897,1876,70.8,74.72,103.81,0.56,44.08,49946.15059999999
149,2024-05-17,1,4,-0.0271676300578034,1.0,1.0,1.8635167893507376,27.48451208969543,0.1947060030443551,0.2640807801000751,1777,1730,72.99,0.0,103.81,0.56,44.08,49946.15059999999
150,2024-05-18,1,1,-0.0992317541613316,4.0,1.0,5.426685443298734,-16.53055718614773,-0.4195230902758352,-0.3899839752882997,1717,1562,82.12,77.33,103.81,0.56,44.08,49946.15059999999
