data/data_demo.csv
,Date,ProductID,Low_Stock_Priority,Low_Stock_Risk,Demand_Priority,Profitability_Priority,cp,price_market,a,pred_s3,OrderQuantity,Inventory,Temperature,Rainfall,CPI,Female,Age,Income
151,2024-05-19,1,2,-0.0891152132399746,2.0,3.0,0.5104903559031202,4.438074743926992,0.0574178008618936,0.03690255887003124,1711,1571,70.05,0.0,103.81,0.56,44.08,49946.15059999999
152,2024-05-20,1,6,0.0063364055299539,4.0,2.0,0.3471229226819712,-11.47299769519179,-0.1566669771455094,-0.1475472432867325,1725,1736,69.87,0.0,103.81,0.56,44.08,49946.15059999999
153,2024-05-21,1,8,0.0323275862068965,2.0,3.0,1.8030949511491356,11.273856925282235,0.0210730219659983,0.07236042685428665,1796,1856,73.73,60.63,103.81,0.56,44.08,49946.15059999999
154,2024-05-22,1,7,0.0123595505617977,4.0,3.0,0.6730434272757853,-34.85573178724302,-0.4825758361090012,-0.43888649362218174,1758,1780,71.13,0.0,103.81,0.56,44.08,49946.15059999999
155,2024-05-23,1,8,0.0380249716231555,1.0,3.0,4.253271844213014,43.16154105914234,0.2884079901755874,0.3659835576798697,1695,1762,80.3,45.09,103.81,0.56,44.08,49946.15059999999
156,2024-05-24,1,4,-0.0226023213194868,4.0,3.0,-0.1598630167268466,-14.1151606051566,-0.1360281267093531,-0.1609884433297562,1674,1637,69.49,0.0,103.81,0.56,44.08,49946.15059999999
157,2024-05-25,1,6,-0.0027159152634437,1.0,3.0,-0.2949373048222048,11.4973670779069,0.2126145901605896,0.15018386195783945,1846,1841,69.37,165.96,103.81,0.56,44.08,49946.15059999999
158,2024-05-26,1,7,0.0239085239085239,3.0,3.0,1.124359910511132,4.68692388074227,0.0117464546204381,0.0178904568699442,1878,1924,73.14,106.85,103.81,0.56,44.08,49946.15059999999
159,2024-05-27,1,2,-0.0532475131655938,4.0,3.0,1.0039350986153903,-9.052862798062453,-0.1637934578775746,-0.14212824993153717,1800,1709,73.07,0.0,103.81,0.56,44.08,49946.15059999999
160,2024-05-28,1,5,-0.0054249547920433,4.0,1.0,5.859064107633971,-12.194503415898383,-0.429876495288928,-0.35361091313003545,1668,1659,85.43,0.0,103.81,0.56,44.08,49946.15059999999
161,2024-05-29,1,2,-0.079762689518787,1.0,3.0,3.8988416138515216,33.40996358881149,0.3072213611796921,0.26204703509134303,1638,1517,80.75,0.0,103.81,0.56,44.08,49946.15059999999
162,2024-05-30,1,3,-0.0374531835205993,4.0,2.0,2.1751024827703818,-3.141014827548492,-0.0044306506483409,-0.11337112714809097,1662,1602,76.66,0.0,103.81,0.56,44.08,49946.15059999999
163,2024-05-31,1,7,0.0187651331719128,1.0,4.0,-0.450871037660336,16.77925461593277,0.1287096225286205,0.2189423749569192,1621,1652,70.32,0.0,104.61,0.56,44.08,49946.15059999999
164,2024-06-01,1,5,-0.0039164490861618,4.0,2.0,3.688725952803094,-10.03742213485937,-0.3054148468269542,-0.2500713970118694,1538,1532,80.89,0.0,104.61,0.56,44.08,49946.15059999999
165,2024-06-02,1,2,-0.0619174434087883,3.0,3.0,-0.0004306947791294,-6.179535796194017,-0.1071185766694867,-0.07178659473076301,1595,1502,71.89,15.67,104.61,0.56,44.08,49946.15059999999
166,2024-06-03,1,4,-0.026378896882494,1.0,4.0,-1.0895421935552232,21.806178752196217,0.2736817685102182,0.30194279177114075,1712,1668,69.39,57.85,104.61,0.56,44.08,49946.15059999999
167,2024-06-04,1,1,-0.1374570446735394,1.0,1.0,4.376059584704604,33.26021240277791,0.2539517012911432,0.24316231852001688,1655,1455,83.27,34.97,104.61,0.56,44.08,49946.15059999999
168,2024-06-05,1,1,-0.1377840909090908,3.0,2.0,2.633885223849699,5.617089941824501,0.0542976886073162,-0.025054696710585703,1602,1408,79.14,0.0,104.61,0.56,44.08,49946.15059999999
169,2024-06-06,1,2,-0.0620827770360481,4.0,2.0,3.841717647561638,-25.547996791010924,-0.3934479324613448,-0.4410629003985888,1591,1498,82.38,0.0,104.61,0.56,44.08,49946.15059999999
170,2024-06-07,1,3,-0.0360635696821516,1.0,4.0,2.6374553058860424,59.94890199375012,0.6518183020518197,0.6246432899642357,1695,1636,79.59,136.45,104.61,0.56,44.08,49946.15059999999
171,2024-06-08,1,3,-0.0408805031446541,4.0,1.0,3.7136612238053823,-11.41373270585524,-0.3058530317301867,-0.2674256775842499,1655,1590,82.51,0.0,104.61,0.56,44.08,49946.15059999999
172,2024-06-09,1,6,-0.0018203883495144,4.0,3.0,0.6979488133997063,-28.539684991794687,-0.4225837888679484,-0.3642366471707032,1651,1648,75.19,0.0,104.61,0.56,44.08,49946.15059999999
173,2024-06-10,1,2,-0.0952380952380953,1.0,4.0,-0.0684856835689293,74.8606146942038,0.8619540956236121,0.8999172340141599,1725,1575,73.5,0.0,104.61,0.56,44.08,49946.15059999999
174,2024-06-11,1,4,-0.021518987341772,4.0,2.0,3.363189036563254,-0.1008073462734291,-0.0438811534026213,-0.11956577778486696,1614,1580,82.3,0.0,104.61,0.56,44.08,49946.15059999999
175,2024-06-12,1,1,-0.1011946591707659,4.0,3.0,0.3931806716523178,-26.5433172065352,-0.3347614757308009,-0.3294428482252645,1567,1423,75.09,0.0,104.61,0.56,44.08,49946.15059999999
176,2024-06-13,1,7,0.0148482892188508,4.0,3.0,0.6209004444995989,-7.085994169717043,-0.1287261587217211,-0.1048838136106289,1526,1549,75.89,0.0,104.61,0.56,44.08,49946.15059999999
177,2024-06-14,1,10,0.0745121230041395,1.0,3.0,1.0889349929653136,19.188622400556724,0.1828740225474298,0.19260431145928475,1565,1691,77.28,62.04,104.61,0.56,44.08,49946.15059999999
178,2024-06-15,1,3,-0.0432330827067668,1.0,2.0,2.0349583180501134,14.757788939848492,0.1460658788103012,0.10572417056332026,1665,1596,79.87,69.85,104.61,0.56,44.08,49946.15059999999
179,2024-06-16,1,3,-0.0531561461794019,4.0,3.0,1.292012177493032,-11.293229931339749,-0.2466736812933156,-0.17924249592293284,1585,1505,78.23,0.38,104.61,0.56,44.08,49946.15059999999
